TRACE::2026-05-03.23:30:26::SCWPlatform::Trying to open the hw design at D:/vivado_first/2026_Project_AXI_I2C/vitis_workspace/design_1_wrapper/hw/design_1_wrapper.xsa
TRACE::2026-05-03.23:30:26::SCWPlatform::DSA given D:/vivado_first/2026_Project_AXI_I2C/vitis_workspace/design_1_wrapper/hw/design_1_wrapper.xsa
TRACE::2026-05-03.23:30:26::SCWPlatform::DSA absoulate path D:/vivado_first/2026_Project_AXI_I2C/vitis_workspace/design_1_wrapper/hw/design_1_wrapper.xsa
TRACE::2026-05-03.23:30:28::SCWPlatform::DSA directory D:/vivado_first/2026_Project_AXI_I2C/vitis_workspace/design_1_wrapper/hw
TRACE::2026-05-03.23:30:28::SCWPlatform:: Platform Path D:/vivado_first/2026_Project_AXI_I2C/vitis_workspace/design_1_wrapper/hw/design_1_wrapper.xsa
TRACE::2026-05-03.23:30:28::SCWPlatform:: Unique name xilinx:basys3::0.0
TRACE::2026-05-03.23:30:28::SCWPlatform::Do not have an existing db opened. 
TRACE::2026-05-03.23:30:28::SCWPlatform::Opened new HwDB with name design_1_wrapper_0
TRACE::2026-05-03.23:30:28::SCWWriter::formatted JSON is {
	"platformName":	"design_1_wrapper",
	"sprVersion":	"2.0",
	"mode":	"gui",
	"dsaType":	"Fixed",
	"platformDesc":	"design_1_wrapper",
	"platHandOff":	"D:/vivado_first/2026_Project_AXI_I2C/XSA/design_1_wrapper.xsa",
	"platIntHandOff":	"<platformDir>/hw/design_1_wrapper.xsa",
	"deviceType":	"FPGA",
	"platIsPrebuiltAutogen":	"false",
	"platIsNoBootBsp":	"false",
	"hasFsblMakeHasChanges":	"false",
	"hasPmufwMakeHasChanges":	"false",
	"platPreBuiltFlag":	false,
	"platformSamplesDir":	""
}
TRACE::2026-05-03.23:30:28::SCWWriter::formatted JSON is {
	"platformName":	"design_1_wrapper",
	"sprVersion":	"2.0",
	"mode":	"gui",
	"dsaType":	"Fixed",
	"platformDesc":	"design_1_wrapper",
	"platHandOff":	"D:/vivado_first/2026_Project_AXI_I2C/XSA/design_1_wrapper.xsa",
	"platIntHandOff":	"<platformDir>/hw/design_1_wrapper.xsa",
	"deviceType":	"FPGA",
	"platIsPrebuiltAutogen":	"false",
	"platIsNoBootBsp":	"false",
	"hasFsblMakeHasChanges":	"false",
	"hasPmufwMakeHasChanges":	"false",
	"platPreBuiltFlag":	false,
	"platformSamplesDir":	"",
	"platActiveSys":	"design_1_wrapper",
	"systems":	[{
			"systemName":	"design_1_wrapper",
			"systemDesc":	"design_1_wrapper",
			"sysIsBootAutoGen":	"true",
			"systemDispName":	"design_1_wrapper"
		}]
}
TRACE::2026-05-03.23:30:28::SCWPlatform::Boot application domains not present, creating them
TRACE::2026-05-03.23:30:28::SCWPlatform::Pure FPGA device, no boot application will be created.
TRACE::2026-05-03.23:30:28::SCWWriter::formatted JSON is {
	"platformName":	"design_1_wrapper",
	"sprVersion":	"2.0",
	"mode":	"gui",
	"dsaType":	"Fixed",
	"platformDesc":	"design_1_wrapper",
	"platHandOff":	"D:/vivado_first/2026_Project_AXI_I2C/XSA/design_1_wrapper.xsa",
	"platIntHandOff":	"<platformDir>/hw/design_1_wrapper.xsa",
	"deviceType":	"FPGA",
	"platIsPrebuiltAutogen":	"false",
	"platIsNoBootBsp":	"false",
	"hasFsblMakeHasChanges":	"false",
	"hasPmufwMakeHasChanges":	"false",
	"platPreBuiltFlag":	false,
	"platformSamplesDir":	"",
	"platActiveSys":	"design_1_wrapper",
	"systems":	[{
			"systemName":	"design_1_wrapper",
			"systemDesc":	"design_1_wrapper",
			"sysIsBootAutoGen":	"true",
			"systemDispName":	"design_1_wrapper"
		}]
}
TRACE::2026-05-03.23:30:28::SCWWriter::formatted JSON is {
	"platformName":	"design_1_wrapper",
	"sprVersion":	"2.0",
	"mode":	"gui",
	"dsaType":	"Fixed",
	"platformDesc":	"design_1_wrapper",
	"platHandOff":	"D:/vivado_first/2026_Project_AXI_I2C/XSA/design_1_wrapper.xsa",
	"platIntHandOff":	"<platformDir>/hw/design_1_wrapper.xsa",
	"deviceType":	"FPGA",
	"platIsPrebuiltAutogen":	"false",
	"platIsNoBootBsp":	"false",
	"hasFsblMakeHasChanges":	"false",
	"hasPmufwMakeHasChanges":	"false",
	"platPreBuiltFlag":	false,
	"platformSamplesDir":	"",
	"platActiveSys":	"design_1_wrapper",
	"systems":	[{
			"systemName":	"design_1_wrapper",
			"systemDesc":	"design_1_wrapper",
			"sysIsBootAutoGen":	"true",
			"systemDispName":	"design_1_wrapper"
		}]
}
TRACE::2026-05-03.23:30:28::SCWPlatform::Trying to open the hw design at D:/vivado_first/2026_Project_AXI_I2C/vitis_workspace/design_1_wrapper/hw/design_1_wrapper.xsa
TRACE::2026-05-03.23:30:28::SCWPlatform::DSA given D:/vivado_first/2026_Project_AXI_I2C/vitis_workspace/design_1_wrapper/hw/design_1_wrapper.xsa
TRACE::2026-05-03.23:30:28::SCWPlatform::DSA absoulate path D:/vivado_first/2026_Project_AXI_I2C/vitis_workspace/design_1_wrapper/hw/design_1_wrapper.xsa
TRACE::2026-05-03.23:30:28::SCWPlatform::DSA directory D:/vivado_first/2026_Project_AXI_I2C/vitis_workspace/design_1_wrapper/hw
TRACE::2026-05-03.23:30:28::SCWPlatform:: Platform Path D:/vivado_first/2026_Project_AXI_I2C/vitis_workspace/design_1_wrapper/hw/design_1_wrapper.xsa
TRACE::2026-05-03.23:30:28::SCWPlatform:: Unique name xilinx:basys3::0.0
TRACE::2026-05-03.23:30:28::SCWPlatform::Trying to set the existing hwdb with name design_1_wrapper_0
TRACE::2026-05-03.23:30:28::SCWPlatform::Opened existing hwdb design_1_wrapper_0
TRACE::2026-05-03.23:30:28::SCWPlatform::Found the Hw Db part of the input DSA
TRACE::2026-05-03.23:30:28::SCWDomain::checking for install qemu data   : 
TRACE::2026-05-03.23:30:28::SCWPlatform::Trying to open the hw design at D:/vivado_first/2026_Project_AXI_I2C/vitis_workspace/design_1_wrapper/hw/design_1_wrapper.xsa
TRACE::2026-05-03.23:30:28::SCWPlatform::DSA given D:/vivado_first/2026_Project_AXI_I2C/vitis_workspace/design_1_wrapper/hw/design_1_wrapper.xsa
TRACE::2026-05-03.23:30:28::SCWPlatform::DSA absoulate path D:/vivado_first/2026_Project_AXI_I2C/vitis_workspace/design_1_wrapper/hw/design_1_wrapper.xsa
TRACE::2026-05-03.23:30:28::SCWPlatform::DSA directory D:/vivado_first/2026_Project_AXI_I2C/vitis_workspace/design_1_wrapper/hw
TRACE::2026-05-03.23:30:28::SCWPlatform:: Platform Path D:/vivado_first/2026_Project_AXI_I2C/vitis_workspace/design_1_wrapper/hw/design_1_wrapper.xsa
TRACE::2026-05-03.23:30:28::SCWPlatform:: Unique name xilinx:basys3::0.0
TRACE::2026-05-03.23:30:28::SCWPlatform::Trying to set the existing hwdb with name design_1_wrapper_0
TRACE::2026-05-03.23:30:28::SCWPlatform::Opened existing hwdb design_1_wrapper_0
TRACE::2026-05-03.23:30:28::SCWPlatform::Found the Hw Db part of the input DSA
TRACE::2026-05-03.23:30:28::SCWPlatform::Trying to open the hw design at D:/vivado_first/2026_Project_AXI_I2C/vitis_workspace/design_1_wrapper/hw/design_1_wrapper.xsa
TRACE::2026-05-03.23:30:28::SCWPlatform::DSA given D:/vivado_first/2026_Project_AXI_I2C/vitis_workspace/design_1_wrapper/hw/design_1_wrapper.xsa
TRACE::2026-05-03.23:30:28::SCWPlatform::DSA absoulate path D:/vivado_first/2026_Project_AXI_I2C/vitis_workspace/design_1_wrapper/hw/design_1_wrapper.xsa
TRACE::2026-05-03.23:30:28::SCWPlatform::DSA directory D:/vivado_first/2026_Project_AXI_I2C/vitis_workspace/design_1_wrapper/hw
TRACE::2026-05-03.23:30:28::SCWPlatform:: Platform Path D:/vivado_first/2026_Project_AXI_I2C/vitis_workspace/design_1_wrapper/hw/design_1_wrapper.xsa
TRACE::2026-05-03.23:30:28::SCWPlatform:: Unique name xilinx:basys3::0.0
TRACE::2026-05-03.23:30:28::SCWPlatform::Trying to set the existing hwdb with name design_1_wrapper_0
TRACE::2026-05-03.23:30:28::SCWPlatform::Opened existing hwdb design_1_wrapper_0
TRACE::2026-05-03.23:30:28::SCWPlatform::Found the Hw Db part of the input DSA
TRACE::2026-05-03.23:30:28::SCWPlatform::Trying to open the hw design at D:/vivado_first/2026_Project_AXI_I2C/vitis_workspace/design_1_wrapper/hw/design_1_wrapper.xsa
TRACE::2026-05-03.23:30:28::SCWPlatform::DSA given D:/vivado_first/2026_Project_AXI_I2C/vitis_workspace/design_1_wrapper/hw/design_1_wrapper.xsa
TRACE::2026-05-03.23:30:28::SCWPlatform::DSA absoulate path D:/vivado_first/2026_Project_AXI_I2C/vitis_workspace/design_1_wrapper/hw/design_1_wrapper.xsa
TRACE::2026-05-03.23:30:28::SCWPlatform::DSA directory D:/vivado_first/2026_Project_AXI_I2C/vitis_workspace/design_1_wrapper/hw
TRACE::2026-05-03.23:30:28::SCWPlatform:: Platform Path D:/vivado_first/2026_Project_AXI_I2C/vitis_workspace/design_1_wrapper/hw/design_1_wrapper.xsa
TRACE::2026-05-03.23:30:28::SCWPlatform:: Unique name xilinx:basys3::0.0
TRACE::2026-05-03.23:30:28::SCWPlatform::Trying to set the existing hwdb with name design_1_wrapper_0
TRACE::2026-05-03.23:30:28::SCWPlatform::Opened existing hwdb design_1_wrapper_0
TRACE::2026-05-03.23:30:28::SCWPlatform::Found the Hw Db part of the input DSA
TRACE::2026-05-03.23:30:28::SCWMssOS::Checking the sw design at  D:/vivado_first/2026_Project_AXI_I2C/vitis_workspace/design_1_wrapper/microblaze_0/standalone_microblaze_0/bsp/system.mss
TRACE::2026-05-03.23:30:28::SCWMssOS::DEBUG:  swdes dump  
TRACE::2026-05-03.23:30:28::SCWMssOS::No sw design opened at  D:/vivado_first/2026_Project_AXI_I2C/vitis_workspace/design_1_wrapper/microblaze_0/standalone_microblaze_0/bsp/system.mss
TRACE::2026-05-03.23:30:28::SCWMssOS::mss does not exists at D:/vivado_first/2026_Project_AXI_I2C/vitis_workspace/design_1_wrapper/microblaze_0/standalone_microblaze_0/bsp/system.mss
TRACE::2026-05-03.23:30:28::SCWMssOS::Creating sw design at  D:/vivado_first/2026_Project_AXI_I2C/vitis_workspace/design_1_wrapper/microblaze_0/standalone_microblaze_0/bsp/system.mss
TRACE::2026-05-03.23:30:28::SCWMssOS::Adding the swdes entry, created swdb D:/vivado_first/2026_Project_AXI_I2C/vitis_workspace/design_1_wrapper/microblaze_0/standalone_microblaze_0/bsp/system.mss with des name D:/vivado_first/2026_Project_AXI_I2C/vitis_workspace/design_1_wrapper/microblaze_0/standalone_microblaze_0/bsp/system.mss
TRACE::2026-05-03.23:30:28::SCWMssOS::updating the scw layer changes to swdes at   D:/vivado_first/2026_Project_AXI_I2C/vitis_workspace/design_1_wrapper/microblaze_0/standalone_microblaze_0/bsp/system.mss
TRACE::2026-05-03.23:30:28::SCWMssOS::Writing mss at D:/vivado_first/2026_Project_AXI_I2C/vitis_workspace/design_1_wrapper/microblaze_0/standalone_microblaze_0/bsp/system.mss
TRACE::2026-05-03.23:30:28::SCWMssOS::Completed writing the mss file at D:/vivado_first/2026_Project_AXI_I2C/vitis_workspace/design_1_wrapper/microblaze_0/standalone_microblaze_0/bsp
TRACE::2026-05-03.23:30:28::SCWMssOS::Picking up changes from newly written mss file into SCW Layer. 
TRACE::2026-05-03.23:30:28::SCWMssOS::Updated the changes from newly written mss file into SCW Layer. 
TRACE::2026-05-03.23:30:28::SCWMssOS::Completed writing the mss file at D:/vivado_first/2026_Project_AXI_I2C/vitis_workspace/design_1_wrapper/microblaze_0/standalone_microblaze_0/bsp
TRACE::2026-05-03.23:30:28::SCWMssOS::Forcing BSP Sources regeneration.
TRACE::2026-05-03.23:30:29::SCWMssOS::Saving the mss changes D:/vivado_first/2026_Project_AXI_I2C/vitis_workspace/design_1_wrapper/microblaze_0/standalone_microblaze_0/bsp/system.mss
TRACE::2026-05-03.23:30:29::SCWMssOS::Found a swdesign opened with the mssfile.
TRACE::2026-05-03.23:30:29::SCWMssOS::Running validate of swdbs.
KEYINFO::2026-05-03.23:30:29::SCWMssOS::Could not open the swdb for D:/vivado_first/2026_Project_AXI_I2C/vitis_workspace/design_1_wrapper/microblaze_0/standalone_microblaze_0/bsp/system.mss
KEYINFO::2026-05-03.23:30:29::SCWMssOS::Could not open the sw design at  D:/vivado_first/2026_Project_AXI_I2C/vitis_workspace/design_1_wrapper/microblaze_0/standalone_microblaze_0/bsp/system.mss
ERROR: [Hsi 55-1558] Software Design D:/vivado_first/2026_Project_AXI_I2C/vitis_workspace/design_1_wrapper/microblaze_0/standalone_microblaze_0/bsp/system.mss is not found

TRACE::2026-05-03.23:30:29::SCWMssOS::Cleared the swdb table entry
TRACE::2026-05-03.23:30:29::SCWMssOS::Adding the swdes entry, mss present, able to open swdb D:/vivado_first/2026_Project_AXI_I2C/vitis_workspace/design_1_wrapper/microblaze_0/standalone_microblaze_0/bsp/system.mss with des name system
TRACE::2026-05-03.23:30:29::SCWMssOS::Writing the mss file completed D:/vivado_first/2026_Project_AXI_I2C/vitis_workspace/design_1_wrapper/microblaze_0/standalone_microblaze_0/bsp/system.mss
TRACE::2026-05-03.23:30:29::SCWMssOS::Commit changes completed.
TRACE::2026-05-03.23:30:29::SCWPlatform::Trying to open the hw design at D:/vivado_first/2026_Project_AXI_I2C/vitis_workspace/design_1_wrapper/hw/design_1_wrapper.xsa
TRACE::2026-05-03.23:30:29::SCWPlatform::DSA given D:/vivado_first/2026_Project_AXI_I2C/vitis_workspace/design_1_wrapper/hw/design_1_wrapper.xsa
TRACE::2026-05-03.23:30:29::SCWPlatform::DSA absoulate path D:/vivado_first/2026_Project_AXI_I2C/vitis_workspace/design_1_wrapper/hw/design_1_wrapper.xsa
TRACE::2026-05-03.23:30:29::SCWPlatform::DSA directory D:/vivado_first/2026_Project_AXI_I2C/vitis_workspace/design_1_wrapper/hw
TRACE::2026-05-03.23:30:29::SCWPlatform:: Platform Path D:/vivado_first/2026_Project_AXI_I2C/vitis_workspace/design_1_wrapper/hw/design_1_wrapper.xsa
TRACE::2026-05-03.23:30:29::SCWPlatform:: Unique name xilinx:basys3::0.0
TRACE::2026-05-03.23:30:29::SCWPlatform::Trying to set the existing hwdb with name design_1_wrapper_0
TRACE::2026-05-03.23:30:29::SCWPlatform::Opened existing hwdb design_1_wrapper_0
TRACE::2026-05-03.23:30:29::SCWPlatform::Found the Hw Db part of the input DSA
TRACE::2026-05-03.23:30:29::SCWMssOS::Checking the sw design at  D:/vivado_first/2026_Project_AXI_I2C/vitis_workspace/design_1_wrapper/microblaze_0/standalone_microblaze_0/bsp/system.mss
TRACE::2026-05-03.23:30:29::SCWMssOS::DEBUG:  swdes dump  D:/vivado_first/2026_Project_AXI_I2C/vitis_workspace/design_1_wrapper/microblaze_0/standalone_microblaze_0/bsp/system.mss|system||

TRACE::2026-05-03.23:30:29::SCWMssOS::Sw design exists and opened at  D:/vivado_first/2026_Project_AXI_I2C/vitis_workspace/design_1_wrapper/microblaze_0/standalone_microblaze_0/bsp/system.mss
TRACE::2026-05-03.23:30:29::SCWPlatform::Trying to open the hw design at D:/vivado_first/2026_Project_AXI_I2C/vitis_workspace/design_1_wrapper/hw/design_1_wrapper.xsa
TRACE::2026-05-03.23:30:29::SCWPlatform::DSA given D:/vivado_first/2026_Project_AXI_I2C/vitis_workspace/design_1_wrapper/hw/design_1_wrapper.xsa
TRACE::2026-05-03.23:30:29::SCWPlatform::DSA absoulate path D:/vivado_first/2026_Project_AXI_I2C/vitis_workspace/design_1_wrapper/hw/design_1_wrapper.xsa
TRACE::2026-05-03.23:30:29::SCWPlatform::DSA directory D:/vivado_first/2026_Project_AXI_I2C/vitis_workspace/design_1_wrapper/hw
TRACE::2026-05-03.23:30:29::SCWPlatform:: Platform Path D:/vivado_first/2026_Project_AXI_I2C/vitis_workspace/design_1_wrapper/hw/design_1_wrapper.xsa
TRACE::2026-05-03.23:30:29::SCWPlatform:: Unique name xilinx:basys3::0.0
TRACE::2026-05-03.23:30:29::SCWPlatform::Trying to set the existing hwdb with name design_1_wrapper_0
TRACE::2026-05-03.23:30:29::SCWPlatform::Opened existing hwdb design_1_wrapper_0
TRACE::2026-05-03.23:30:29::SCWPlatform::Found the Hw Db part of the input DSA
TRACE::2026-05-03.23:30:29::SCWMssOS::Checking the sw design at  D:/vivado_first/2026_Project_AXI_I2C/vitis_workspace/design_1_wrapper/microblaze_0/standalone_microblaze_0/bsp/system.mss
TRACE::2026-05-03.23:30:29::SCWMssOS::DEBUG:  swdes dump  D:/vivado_first/2026_Project_AXI_I2C/vitis_workspace/design_1_wrapper/microblaze_0/standalone_microblaze_0/bsp/system.mss|system||

TRACE::2026-05-03.23:30:29::SCWMssOS::Sw design exists and opened at  D:/vivado_first/2026_Project_AXI_I2C/vitis_workspace/design_1_wrapper/microblaze_0/standalone_microblaze_0/bsp/system.mss
TRACE::2026-05-03.23:30:29::SCWPlatform::Trying to open the hw design at D:/vivado_first/2026_Project_AXI_I2C/vitis_workspace/design_1_wrapper/hw/design_1_wrapper.xsa
TRACE::2026-05-03.23:30:29::SCWPlatform::DSA given D:/vivado_first/2026_Project_AXI_I2C/vitis_workspace/design_1_wrapper/hw/design_1_wrapper.xsa
TRACE::2026-05-03.23:30:29::SCWPlatform::DSA absoulate path D:/vivado_first/2026_Project_AXI_I2C/vitis_workspace/design_1_wrapper/hw/design_1_wrapper.xsa
TRACE::2026-05-03.23:30:29::SCWPlatform::DSA directory D:/vivado_first/2026_Project_AXI_I2C/vitis_workspace/design_1_wrapper/hw
TRACE::2026-05-03.23:30:29::SCWPlatform:: Platform Path D:/vivado_first/2026_Project_AXI_I2C/vitis_workspace/design_1_wrapper/hw/design_1_wrapper.xsa
TRACE::2026-05-03.23:30:29::SCWPlatform:: Unique name xilinx:basys3::0.0
TRACE::2026-05-03.23:30:29::SCWPlatform::Trying to set the existing hwdb with name design_1_wrapper_0
TRACE::2026-05-03.23:30:29::SCWPlatform::Opened existing hwdb design_1_wrapper_0
TRACE::2026-05-03.23:30:29::SCWPlatform::Found the Hw Db part of the input DSA
TRACE::2026-05-03.23:30:29::SCWMssOS::Checking the sw design at  D:/vivado_first/2026_Project_AXI_I2C/vitis_workspace/design_1_wrapper/microblaze_0/standalone_microblaze_0/bsp/system.mss
TRACE::2026-05-03.23:30:29::SCWMssOS::DEBUG:  swdes dump  D:/vivado_first/2026_Project_AXI_I2C/vitis_workspace/design_1_wrapper/microblaze_0/standalone_microblaze_0/bsp/system.mss|system||

TRACE::2026-05-03.23:30:29::SCWMssOS::Sw design exists and opened at  D:/vivado_first/2026_Project_AXI_I2C/vitis_workspace/design_1_wrapper/microblaze_0/standalone_microblaze_0/bsp/system.mss
TRACE::2026-05-03.23:30:29::SCWWriter::formatted JSON is {
	"platformName":	"design_1_wrapper",
	"sprVersion":	"2.0",
	"mode":	"gui",
	"dsaType":	"Fixed",
	"platformDesc":	"design_1_wrapper",
	"platHandOff":	"D:/vivado_first/2026_Project_AXI_I2C/XSA/design_1_wrapper.xsa",
	"platIntHandOff":	"<platformDir>/hw/design_1_wrapper.xsa",
	"deviceType":	"FPGA",
	"platIsPrebuiltAutogen":	"false",
	"platIsNoBootBsp":	"false",
	"hasFsblMakeHasChanges":	"false",
	"hasPmufwMakeHasChanges":	"false",
	"platPreBuiltFlag":	false,
	"platformSamplesDir":	"",
	"platActiveSys":	"design_1_wrapper",
	"systems":	[{
			"systemName":	"design_1_wrapper",
			"systemDesc":	"design_1_wrapper",
			"sysIsBootAutoGen":	"true",
			"systemDispName":	"design_1_wrapper",
			"sysActiveDom":	"standalone_microblaze_0",
			"sysDefaultDom":	"standalone_microblaze_0",
			"domains":	[{
					"domainName":	"standalone_microblaze_0",
					"domainDispName":	"standalone_microblaze_0",
					"domainDesc":	"standalone_microblaze_0",
					"processors":	"microblaze_0",
					"os":	"standalone",
					"sdxOs":	"standalone",
					"debugEnable":	"False",
					"domRuntimes":	["cpp"],
					"swRepo":	"",
					"mssOsVer":	"7.3",
					"mssFile":	"",
					"md5Digest":	"f49bba1eddb8a6d4b2e092485c6b04d3",
					"compatibleApp":	"empty_application",
					"domType":	"mssDomain",
					"arch":	"32-bit",
					"appSettings":	{
						"appCompilerFlags":	"",
						"appLinkerFlags":	""
					},
					"addedLibs":	[],
					"libOptions":	{
						"libsContainingOptions":	[]
					},
					"prebuiltLibs":	{
						"prebuiltIncPath":	[],
						"prebuiltLibPath":	[]
					},
					"isolation":	{
					}
				}]
		}]
}
LOG::2026-05-03.23:30:29::SCWPlatform::Started generating the artifacts platform design_1_wrapper
TRACE::2026-05-03.23:30:29::SCWPlatform::Sanity checking of platform is completed
LOG::2026-05-03.23:30:29::SCWPlatform::Started generating the artifacts for system configuration design_1_wrapper
LOG::2026-05-03.23:30:29::SCWSystem::Checking the domain standalone_microblaze_0
LOG::2026-05-03.23:30:29::SCWSystem::Not a boot domain 
LOG::2026-05-03.23:30:29::SCWSystem::Started Processing the domain standalone_microblaze_0
TRACE::2026-05-03.23:30:29::SCWDomain::Generating domain artifcats
TRACE::2026-05-03.23:30:29::SCWMssOS::Generating standalone artifcats
TRACE::2026-05-03.23:30:29::SCWMssOS:: Copying the user libraries. 
TRACE::2026-05-03.23:30:29::SCWPlatform::Trying to open the hw design at D:/vivado_first/2026_Project_AXI_I2C/vitis_workspace/design_1_wrapper/hw/design_1_wrapper.xsa
TRACE::2026-05-03.23:30:29::SCWPlatform::DSA given D:/vivado_first/2026_Project_AXI_I2C/vitis_workspace/design_1_wrapper/hw/design_1_wrapper.xsa
TRACE::2026-05-03.23:30:29::SCWPlatform::DSA absoulate path D:/vivado_first/2026_Project_AXI_I2C/vitis_workspace/design_1_wrapper/hw/design_1_wrapper.xsa
TRACE::2026-05-03.23:30:29::SCWPlatform::DSA directory D:/vivado_first/2026_Project_AXI_I2C/vitis_workspace/design_1_wrapper/hw
TRACE::2026-05-03.23:30:29::SCWPlatform:: Platform Path D:/vivado_first/2026_Project_AXI_I2C/vitis_workspace/design_1_wrapper/hw/design_1_wrapper.xsa
TRACE::2026-05-03.23:30:29::SCWPlatform:: Unique name xilinx:basys3::0.0
TRACE::2026-05-03.23:30:29::SCWPlatform::Trying to set the existing hwdb with name design_1_wrapper_0
TRACE::2026-05-03.23:30:29::SCWPlatform::Opened existing hwdb design_1_wrapper_0
TRACE::2026-05-03.23:30:29::SCWPlatform::Found the Hw Db part of the input DSA
TRACE::2026-05-03.23:30:29::SCWMssOS::Checking the sw design at  D:/vivado_first/2026_Project_AXI_I2C/vitis_workspace/design_1_wrapper/microblaze_0/standalone_microblaze_0/bsp/system.mss
TRACE::2026-05-03.23:30:29::SCWMssOS::DEBUG:  swdes dump  D:/vivado_first/2026_Project_AXI_I2C/vitis_workspace/design_1_wrapper/microblaze_0/standalone_microblaze_0/bsp/system.mss|system||

TRACE::2026-05-03.23:30:29::SCWMssOS::Sw design exists and opened at  D:/vivado_first/2026_Project_AXI_I2C/vitis_workspace/design_1_wrapper/microblaze_0/standalone_microblaze_0/bsp/system.mss
TRACE::2026-05-03.23:30:29::SCWMssOS::Completed writing the mss file at D:/vivado_first/2026_Project_AXI_I2C/vitis_workspace/design_1_wrapper/microblaze_0/standalone_microblaze_0/bsp
TRACE::2026-05-03.23:30:29::SCWMssOS::Mss edits present, copying mssfile into export location D:/vivado_first/2026_Project_AXI_I2C/vitis_workspace/design_1_wrapper/microblaze_0/standalone_microblaze_0/bsp/system.mss
TRACE::2026-05-03.23:30:29::SCWMssOS::bsp generated is upto date with the mss file. Skipping bsp generation.
TRACE::2026-05-03.23:30:29::SCWMssOS::BSP is already built. skipping the bsp build ... 
TRACE::2026-05-03.23:30:29::SCWDomain::Skipping the build for domain :  standalone_microblaze_0
TRACE::2026-05-03.23:30:29::SCWMssOS::skipping the bsp build ... 
TRACE::2026-05-03.23:30:29::SCWMssOS::Copying to export directory.
TRACE::2026-05-03.23:30:29::SCWMssOS:: Checking if to create the Supporting Applications
TRACE::2026-05-03.23:30:29::SCWMssOS:: No Linux domain exists, trying to generate FSBL 
LOG::2026-05-03.23:30:29::SCWSystem::Completed Processing the domain standalone_microblaze_0
LOG::2026-05-03.23:30:29::SCWSystem::Completed Processing the sysconfig design_1_wrapper
LOG::2026-05-03.23:30:29::SCWPlatform::Completed generating the artifacts for system configuration design_1_wrapper
TRACE::2026-05-03.23:30:29::SCWPlatform::Started preparing the platform 
TRACE::2026-05-03.23:30:29::SCWSystem::Writing the bif file for system config design_1_wrapper
TRACE::2026-05-03.23:30:29::SCWSystem::dir created 
TRACE::2026-05-03.23:30:29::SCWSystem::Writing the bif 
TRACE::2026-05-03.23:30:29::SCWPlatform::Started writing the spfm file 
TRACE::2026-05-03.23:30:29::SCWPlatform::Started writing the xpfm file 
TRACE::2026-05-03.23:30:29::SCWPlatform::Completed generating the platform
TRACE::2026-05-03.23:30:29::SCWMssOS::Saving the mss changes D:/vivado_first/2026_Project_AXI_I2C/vitis_workspace/design_1_wrapper/microblaze_0/standalone_microblaze_0/bsp/system.mss
TRACE::2026-05-03.23:30:29::SCWMssOS::Found a swdesign opened with the mssfile.
TRACE::2026-05-03.23:30:29::SCWMssOS::Completed writemss as part of save.
TRACE::2026-05-03.23:30:29::SCWMssOS::Commit changes completed.
TRACE::2026-05-03.23:30:29::SCWPlatform::Trying to open the hw design at D:/vivado_first/2026_Project_AXI_I2C/vitis_workspace/design_1_wrapper/hw/design_1_wrapper.xsa
TRACE::2026-05-03.23:30:29::SCWPlatform::DSA given D:/vivado_first/2026_Project_AXI_I2C/vitis_workspace/design_1_wrapper/hw/design_1_wrapper.xsa
TRACE::2026-05-03.23:30:29::SCWPlatform::DSA absoulate path D:/vivado_first/2026_Project_AXI_I2C/vitis_workspace/design_1_wrapper/hw/design_1_wrapper.xsa
TRACE::2026-05-03.23:30:29::SCWPlatform::DSA directory D:/vivado_first/2026_Project_AXI_I2C/vitis_workspace/design_1_wrapper/hw
TRACE::2026-05-03.23:30:29::SCWPlatform:: Platform Path D:/vivado_first/2026_Project_AXI_I2C/vitis_workspace/design_1_wrapper/hw/design_1_wrapper.xsa
TRACE::2026-05-03.23:30:29::SCWPlatform:: Unique name xilinx:basys3::0.0
TRACE::2026-05-03.23:30:29::SCWPlatform::Trying to set the existing hwdb with name design_1_wrapper_0
TRACE::2026-05-03.23:30:29::SCWPlatform::Opened existing hwdb design_1_wrapper_0
TRACE::2026-05-03.23:30:29::SCWPlatform::Found the Hw Db part of the input DSA
TRACE::2026-05-03.23:30:29::SCWMssOS::Checking the sw design at  D:/vivado_first/2026_Project_AXI_I2C/vitis_workspace/design_1_wrapper/microblaze_0/standalone_microblaze_0/bsp/system.mss
TRACE::2026-05-03.23:30:29::SCWMssOS::DEBUG:  swdes dump  D:/vivado_first/2026_Project_AXI_I2C/vitis_workspace/design_1_wrapper/microblaze_0/standalone_microblaze_0/bsp/system.mss|system||

TRACE::2026-05-03.23:30:29::SCWMssOS::Sw design exists and opened at  D:/vivado_first/2026_Project_AXI_I2C/vitis_workspace/design_1_wrapper/microblaze_0/standalone_microblaze_0/bsp/system.mss
TRACE::2026-05-03.23:30:29::SCWPlatform::Trying to open the hw design at D:/vivado_first/2026_Project_AXI_I2C/vitis_workspace/design_1_wrapper/hw/design_1_wrapper.xsa
TRACE::2026-05-03.23:30:29::SCWPlatform::DSA given D:/vivado_first/2026_Project_AXI_I2C/vitis_workspace/design_1_wrapper/hw/design_1_wrapper.xsa
TRACE::2026-05-03.23:30:29::SCWPlatform::DSA absoulate path D:/vivado_first/2026_Project_AXI_I2C/vitis_workspace/design_1_wrapper/hw/design_1_wrapper.xsa
TRACE::2026-05-03.23:30:29::SCWPlatform::DSA directory D:/vivado_first/2026_Project_AXI_I2C/vitis_workspace/design_1_wrapper/hw
TRACE::2026-05-03.23:30:29::SCWPlatform:: Platform Path D:/vivado_first/2026_Project_AXI_I2C/vitis_workspace/design_1_wrapper/hw/design_1_wrapper.xsa
TRACE::2026-05-03.23:30:29::SCWPlatform:: Unique name xilinx:basys3::0.0
TRACE::2026-05-03.23:30:29::SCWPlatform::Trying to set the existing hwdb with name design_1_wrapper_0
TRACE::2026-05-03.23:30:29::SCWPlatform::Opened existing hwdb design_1_wrapper_0
TRACE::2026-05-03.23:30:29::SCWPlatform::Found the Hw Db part of the input DSA
TRACE::2026-05-03.23:30:29::SCWMssOS::Checking the sw design at  D:/vivado_first/2026_Project_AXI_I2C/vitis_workspace/design_1_wrapper/microblaze_0/standalone_microblaze_0/bsp/system.mss
TRACE::2026-05-03.23:30:29::SCWMssOS::DEBUG:  swdes dump  D:/vivado_first/2026_Project_AXI_I2C/vitis_workspace/design_1_wrapper/microblaze_0/standalone_microblaze_0/bsp/system.mss|system||

TRACE::2026-05-03.23:30:29::SCWMssOS::Sw design exists and opened at  D:/vivado_first/2026_Project_AXI_I2C/vitis_workspace/design_1_wrapper/microblaze_0/standalone_microblaze_0/bsp/system.mss
TRACE::2026-05-03.23:30:29::SCWPlatform::Trying to open the hw design at D:/vivado_first/2026_Project_AXI_I2C/vitis_workspace/design_1_wrapper/hw/design_1_wrapper.xsa
TRACE::2026-05-03.23:30:29::SCWPlatform::DSA given D:/vivado_first/2026_Project_AXI_I2C/vitis_workspace/design_1_wrapper/hw/design_1_wrapper.xsa
TRACE::2026-05-03.23:30:29::SCWPlatform::DSA absoulate path D:/vivado_first/2026_Project_AXI_I2C/vitis_workspace/design_1_wrapper/hw/design_1_wrapper.xsa
TRACE::2026-05-03.23:30:29::SCWPlatform::DSA directory D:/vivado_first/2026_Project_AXI_I2C/vitis_workspace/design_1_wrapper/hw
TRACE::2026-05-03.23:30:29::SCWPlatform:: Platform Path D:/vivado_first/2026_Project_AXI_I2C/vitis_workspace/design_1_wrapper/hw/design_1_wrapper.xsa
TRACE::2026-05-03.23:30:29::SCWPlatform:: Unique name xilinx:basys3::0.0
TRACE::2026-05-03.23:30:29::SCWPlatform::Trying to set the existing hwdb with name design_1_wrapper_0
TRACE::2026-05-03.23:30:29::SCWPlatform::Opened existing hwdb design_1_wrapper_0
TRACE::2026-05-03.23:30:29::SCWPlatform::Found the Hw Db part of the input DSA
TRACE::2026-05-03.23:30:29::SCWMssOS::Checking the sw design at  D:/vivado_first/2026_Project_AXI_I2C/vitis_workspace/design_1_wrapper/microblaze_0/standalone_microblaze_0/bsp/system.mss
TRACE::2026-05-03.23:30:29::SCWMssOS::DEBUG:  swdes dump  D:/vivado_first/2026_Project_AXI_I2C/vitis_workspace/design_1_wrapper/microblaze_0/standalone_microblaze_0/bsp/system.mss|system||

TRACE::2026-05-03.23:30:29::SCWMssOS::Sw design exists and opened at  D:/vivado_first/2026_Project_AXI_I2C/vitis_workspace/design_1_wrapper/microblaze_0/standalone_microblaze_0/bsp/system.mss
TRACE::2026-05-03.23:30:29::SCWWriter::formatted JSON is {
	"platformName":	"design_1_wrapper",
	"sprVersion":	"2.0",
	"mode":	"gui",
	"dsaType":	"Fixed",
	"platformDesc":	"design_1_wrapper",
	"platHandOff":	"D:/vivado_first/2026_Project_AXI_I2C/XSA/design_1_wrapper.xsa",
	"platIntHandOff":	"<platformDir>/hw/design_1_wrapper.xsa",
	"deviceType":	"FPGA",
	"platIsPrebuiltAutogen":	"false",
	"platIsNoBootBsp":	"false",
	"hasFsblMakeHasChanges":	"false",
	"hasPmufwMakeHasChanges":	"false",
	"platPreBuiltFlag":	false,
	"platformSamplesDir":	"",
	"platActiveSys":	"design_1_wrapper",
	"systems":	[{
			"systemName":	"design_1_wrapper",
			"systemDesc":	"design_1_wrapper",
			"sysIsBootAutoGen":	"true",
			"systemDispName":	"design_1_wrapper",
			"sysActiveDom":	"standalone_microblaze_0",
			"sysDefaultDom":	"standalone_microblaze_0",
			"domains":	[{
					"domainName":	"standalone_microblaze_0",
					"domainDispName":	"standalone_microblaze_0",
					"domainDesc":	"standalone_microblaze_0",
					"processors":	"microblaze_0",
					"os":	"standalone",
					"sdxOs":	"standalone",
					"debugEnable":	"False",
					"domRuntimes":	["cpp"],
					"swRepo":	"",
					"mssOsVer":	"7.3",
					"mssFile":	"",
					"md5Digest":	"f49bba1eddb8a6d4b2e092485c6b04d3",
					"compatibleApp":	"empty_application",
					"domType":	"mssDomain",
					"arch":	"32-bit",
					"appSettings":	{
						"appCompilerFlags":	"",
						"appLinkerFlags":	""
					},
					"addedLibs":	[],
					"libOptions":	{
						"libsContainingOptions":	[]
					},
					"prebuiltLibs":	{
						"prebuiltIncPath":	[],
						"prebuiltLibPath":	[]
					},
					"isolation":	{
					}
				}]
		}]
}
KEYINFO::2026-05-03.23:30:29::SCWPlatform::updated the xpfm file.
TRACE::2026-05-03.23:30:30::SCWPlatform::Trying to open the hw design at D:/vivado_first/2026_Project_AXI_I2C/vitis_workspace/design_1_wrapper/hw/design_1_wrapper.xsa
TRACE::2026-05-03.23:30:30::SCWPlatform::DSA given D:/vivado_first/2026_Project_AXI_I2C/vitis_workspace/design_1_wrapper/hw/design_1_wrapper.xsa
TRACE::2026-05-03.23:30:30::SCWPlatform::DSA absoulate path D:/vivado_first/2026_Project_AXI_I2C/vitis_workspace/design_1_wrapper/hw/design_1_wrapper.xsa
TRACE::2026-05-03.23:30:30::SCWPlatform::DSA directory D:/vivado_first/2026_Project_AXI_I2C/vitis_workspace/design_1_wrapper/hw
TRACE::2026-05-03.23:30:30::SCWPlatform:: Platform Path D:/vivado_first/2026_Project_AXI_I2C/vitis_workspace/design_1_wrapper/hw/design_1_wrapper.xsa
TRACE::2026-05-03.23:30:30::SCWPlatform:: Unique name xilinx:basys3::0.0
TRACE::2026-05-03.23:30:30::SCWPlatform::Trying to set the existing hwdb with name design_1_wrapper_0
TRACE::2026-05-03.23:30:30::SCWPlatform::Opened existing hwdb design_1_wrapper_0
TRACE::2026-05-03.23:30:30::SCWPlatform::Found the Hw Db part of the input DSA
TRACE::2026-05-03.23:30:30::SCWMssOS::Checking the sw design at  D:/vivado_first/2026_Project_AXI_I2C/vitis_workspace/design_1_wrapper/microblaze_0/standalone_microblaze_0/bsp/system.mss
TRACE::2026-05-03.23:30:30::SCWMssOS::DEBUG:  swdes dump  D:/vivado_first/2026_Project_AXI_I2C/vitis_workspace/design_1_wrapper/microblaze_0/standalone_microblaze_0/bsp/system.mss|system||

TRACE::2026-05-03.23:30:30::SCWMssOS::Sw design exists and opened at  D:/vivado_first/2026_Project_AXI_I2C/vitis_workspace/design_1_wrapper/microblaze_0/standalone_microblaze_0/bsp/system.mss
TRACE::2026-05-03.23:30:30::SCWMssOS::Saving the mss changes D:/vivado_first/2026_Project_AXI_I2C/vitis_workspace/design_1_wrapper/microblaze_0/standalone_microblaze_0/bsp/system.mss
TRACE::2026-05-03.23:30:30::SCWMssOS::Found a swdesign opened with the mssfile.
TRACE::2026-05-03.23:30:30::SCWMssOS::Completed writemss as part of save.
TRACE::2026-05-03.23:30:30::SCWMssOS::Commit changes completed.
TRACE::2026-05-03.23:30:30::SCWPlatform::Trying to open the hw design at D:/vivado_first/2026_Project_AXI_I2C/vitis_workspace/design_1_wrapper/hw/design_1_wrapper.xsa
TRACE::2026-05-03.23:30:30::SCWPlatform::DSA given D:/vivado_first/2026_Project_AXI_I2C/vitis_workspace/design_1_wrapper/hw/design_1_wrapper.xsa
TRACE::2026-05-03.23:30:30::SCWPlatform::DSA absoulate path D:/vivado_first/2026_Project_AXI_I2C/vitis_workspace/design_1_wrapper/hw/design_1_wrapper.xsa
TRACE::2026-05-03.23:30:30::SCWPlatform::DSA directory D:/vivado_first/2026_Project_AXI_I2C/vitis_workspace/design_1_wrapper/hw
TRACE::2026-05-03.23:30:30::SCWPlatform:: Platform Path D:/vivado_first/2026_Project_AXI_I2C/vitis_workspace/design_1_wrapper/hw/design_1_wrapper.xsa
TRACE::2026-05-03.23:30:30::SCWPlatform:: Unique name xilinx:basys3::0.0
TRACE::2026-05-03.23:30:30::SCWPlatform::Trying to set the existing hwdb with name design_1_wrapper_0
TRACE::2026-05-03.23:30:30::SCWPlatform::Opened existing hwdb design_1_wrapper_0
TRACE::2026-05-03.23:30:30::SCWPlatform::Found the Hw Db part of the input DSA
TRACE::2026-05-03.23:30:30::SCWMssOS::Checking the sw design at  D:/vivado_first/2026_Project_AXI_I2C/vitis_workspace/design_1_wrapper/microblaze_0/standalone_microblaze_0/bsp/system.mss
TRACE::2026-05-03.23:30:30::SCWMssOS::DEBUG:  swdes dump  D:/vivado_first/2026_Project_AXI_I2C/vitis_workspace/design_1_wrapper/microblaze_0/standalone_microblaze_0/bsp/system.mss|system||

TRACE::2026-05-03.23:30:30::SCWMssOS::Sw design exists and opened at  D:/vivado_first/2026_Project_AXI_I2C/vitis_workspace/design_1_wrapper/microblaze_0/standalone_microblaze_0/bsp/system.mss
TRACE::2026-05-03.23:30:30::SCWPlatform::Trying to open the hw design at D:/vivado_first/2026_Project_AXI_I2C/vitis_workspace/design_1_wrapper/hw/design_1_wrapper.xsa
TRACE::2026-05-03.23:30:30::SCWPlatform::DSA given D:/vivado_first/2026_Project_AXI_I2C/vitis_workspace/design_1_wrapper/hw/design_1_wrapper.xsa
TRACE::2026-05-03.23:30:30::SCWPlatform::DSA absoulate path D:/vivado_first/2026_Project_AXI_I2C/vitis_workspace/design_1_wrapper/hw/design_1_wrapper.xsa
TRACE::2026-05-03.23:30:30::SCWPlatform::DSA directory D:/vivado_first/2026_Project_AXI_I2C/vitis_workspace/design_1_wrapper/hw
TRACE::2026-05-03.23:30:30::SCWPlatform:: Platform Path D:/vivado_first/2026_Project_AXI_I2C/vitis_workspace/design_1_wrapper/hw/design_1_wrapper.xsa
TRACE::2026-05-03.23:30:30::SCWPlatform:: Unique name xilinx:basys3::0.0
TRACE::2026-05-03.23:30:30::SCWPlatform::Trying to set the existing hwdb with name design_1_wrapper_0
TRACE::2026-05-03.23:30:30::SCWPlatform::Opened existing hwdb design_1_wrapper_0
TRACE::2026-05-03.23:30:30::SCWPlatform::Found the Hw Db part of the input DSA
TRACE::2026-05-03.23:30:30::SCWMssOS::Checking the sw design at  D:/vivado_first/2026_Project_AXI_I2C/vitis_workspace/design_1_wrapper/microblaze_0/standalone_microblaze_0/bsp/system.mss
TRACE::2026-05-03.23:30:30::SCWMssOS::DEBUG:  swdes dump  D:/vivado_first/2026_Project_AXI_I2C/vitis_workspace/design_1_wrapper/microblaze_0/standalone_microblaze_0/bsp/system.mss|system||

TRACE::2026-05-03.23:30:30::SCWMssOS::Sw design exists and opened at  D:/vivado_first/2026_Project_AXI_I2C/vitis_workspace/design_1_wrapper/microblaze_0/standalone_microblaze_0/bsp/system.mss
TRACE::2026-05-03.23:30:30::SCWPlatform::Trying to open the hw design at D:/vivado_first/2026_Project_AXI_I2C/vitis_workspace/design_1_wrapper/hw/design_1_wrapper.xsa
TRACE::2026-05-03.23:30:30::SCWPlatform::DSA given D:/vivado_first/2026_Project_AXI_I2C/vitis_workspace/design_1_wrapper/hw/design_1_wrapper.xsa
TRACE::2026-05-03.23:30:30::SCWPlatform::DSA absoulate path D:/vivado_first/2026_Project_AXI_I2C/vitis_workspace/design_1_wrapper/hw/design_1_wrapper.xsa
TRACE::2026-05-03.23:30:30::SCWPlatform::DSA directory D:/vivado_first/2026_Project_AXI_I2C/vitis_workspace/design_1_wrapper/hw
TRACE::2026-05-03.23:30:30::SCWPlatform:: Platform Path D:/vivado_first/2026_Project_AXI_I2C/vitis_workspace/design_1_wrapper/hw/design_1_wrapper.xsa
TRACE::2026-05-03.23:30:30::SCWPlatform:: Unique name xilinx:basys3::0.0
TRACE::2026-05-03.23:30:30::SCWPlatform::Trying to set the existing hwdb with name design_1_wrapper_0
TRACE::2026-05-03.23:30:30::SCWPlatform::Opened existing hwdb design_1_wrapper_0
TRACE::2026-05-03.23:30:30::SCWPlatform::Found the Hw Db part of the input DSA
TRACE::2026-05-03.23:30:30::SCWMssOS::Checking the sw design at  D:/vivado_first/2026_Project_AXI_I2C/vitis_workspace/design_1_wrapper/microblaze_0/standalone_microblaze_0/bsp/system.mss
TRACE::2026-05-03.23:30:30::SCWMssOS::DEBUG:  swdes dump  D:/vivado_first/2026_Project_AXI_I2C/vitis_workspace/design_1_wrapper/microblaze_0/standalone_microblaze_0/bsp/system.mss|system||

TRACE::2026-05-03.23:30:30::SCWMssOS::Sw design exists and opened at  D:/vivado_first/2026_Project_AXI_I2C/vitis_workspace/design_1_wrapper/microblaze_0/standalone_microblaze_0/bsp/system.mss
TRACE::2026-05-03.23:30:30::SCWWriter::formatted JSON is {
	"platformName":	"design_1_wrapper",
	"sprVersion":	"2.0",
	"mode":	"gui",
	"dsaType":	"Fixed",
	"platformDesc":	"design_1_wrapper",
	"platHandOff":	"D:/vivado_first/2026_Project_AXI_I2C/XSA/design_1_wrapper.xsa",
	"platIntHandOff":	"<platformDir>/hw/design_1_wrapper.xsa",
	"deviceType":	"FPGA",
	"platIsPrebuiltAutogen":	"false",
	"platIsNoBootBsp":	"false",
	"hasFsblMakeHasChanges":	"false",
	"hasPmufwMakeHasChanges":	"false",
	"platPreBuiltFlag":	false,
	"platformSamplesDir":	"",
	"platActiveSys":	"design_1_wrapper",
	"systems":	[{
			"systemName":	"design_1_wrapper",
			"systemDesc":	"design_1_wrapper",
			"sysIsBootAutoGen":	"true",
			"systemDispName":	"design_1_wrapper",
			"sysActiveDom":	"standalone_microblaze_0",
			"sysDefaultDom":	"standalone_microblaze_0",
			"domains":	[{
					"domainName":	"standalone_microblaze_0",
					"domainDispName":	"standalone_microblaze_0",
					"domainDesc":	"standalone_microblaze_0",
					"processors":	"microblaze_0",
					"os":	"standalone",
					"sdxOs":	"standalone",
					"debugEnable":	"False",
					"domRuntimes":	["cpp"],
					"swRepo":	"",
					"mssOsVer":	"7.3",
					"mssFile":	"",
					"md5Digest":	"f49bba1eddb8a6d4b2e092485c6b04d3",
					"compatibleApp":	"empty_application",
					"domType":	"mssDomain",
					"arch":	"32-bit",
					"appSettings":	{
						"appCompilerFlags":	"",
						"appLinkerFlags":	""
					},
					"addedLibs":	[],
					"libOptions":	{
						"libsContainingOptions":	[]
					},
					"prebuiltLibs":	{
						"prebuiltIncPath":	[],
						"prebuiltLibPath":	[]
					},
					"isolation":	{
					}
				}]
		}]
}
TRACE::2026-05-03.23:30:30::SCWPlatform::Trying to open the hw design at D:/vivado_first/2026_Project_AXI_I2C/vitis_workspace/design_1_wrapper/hw/design_1_wrapper.xsa
TRACE::2026-05-03.23:30:30::SCWPlatform::DSA given D:/vivado_first/2026_Project_AXI_I2C/vitis_workspace/design_1_wrapper/hw/design_1_wrapper.xsa
TRACE::2026-05-03.23:30:30::SCWPlatform::DSA absoulate path D:/vivado_first/2026_Project_AXI_I2C/vitis_workspace/design_1_wrapper/hw/design_1_wrapper.xsa
TRACE::2026-05-03.23:30:30::SCWPlatform::DSA directory D:/vivado_first/2026_Project_AXI_I2C/vitis_workspace/design_1_wrapper/hw
TRACE::2026-05-03.23:30:30::SCWPlatform:: Platform Path D:/vivado_first/2026_Project_AXI_I2C/vitis_workspace/design_1_wrapper/hw/design_1_wrapper.xsa
TRACE::2026-05-03.23:30:30::SCWPlatform:: Unique name xilinx:basys3::0.0
TRACE::2026-05-03.23:30:30::SCWPlatform::Trying to set the existing hwdb with name design_1_wrapper_0
TRACE::2026-05-03.23:30:30::SCWPlatform::Opened existing hwdb design_1_wrapper_0
TRACE::2026-05-03.23:30:30::SCWPlatform::Found the Hw Db part of the input DSA
TRACE::2026-05-03.23:30:30::SCWMssOS::Checking the sw design at  D:/vivado_first/2026_Project_AXI_I2C/vitis_workspace/design_1_wrapper/microblaze_0/standalone_microblaze_0/bsp/system.mss
TRACE::2026-05-03.23:30:30::SCWMssOS::DEBUG:  swdes dump  D:/vivado_first/2026_Project_AXI_I2C/vitis_workspace/design_1_wrapper/microblaze_0/standalone_microblaze_0/bsp/system.mss|system||

TRACE::2026-05-03.23:30:30::SCWMssOS::Sw design exists and opened at  D:/vivado_first/2026_Project_AXI_I2C/vitis_workspace/design_1_wrapper/microblaze_0/standalone_microblaze_0/bsp/system.mss
TRACE::2026-05-03.23:30:30::SCWPlatform::Trying to open the hw design at D:/vivado_first/2026_Project_AXI_I2C/vitis_workspace/design_1_wrapper/hw/design_1_wrapper.xsa
TRACE::2026-05-03.23:30:30::SCWPlatform::DSA given D:/vivado_first/2026_Project_AXI_I2C/vitis_workspace/design_1_wrapper/hw/design_1_wrapper.xsa
TRACE::2026-05-03.23:30:30::SCWPlatform::DSA absoulate path D:/vivado_first/2026_Project_AXI_I2C/vitis_workspace/design_1_wrapper/hw/design_1_wrapper.xsa
TRACE::2026-05-03.23:30:30::SCWPlatform::DSA directory D:/vivado_first/2026_Project_AXI_I2C/vitis_workspace/design_1_wrapper/hw
TRACE::2026-05-03.23:30:30::SCWPlatform:: Platform Path D:/vivado_first/2026_Project_AXI_I2C/vitis_workspace/design_1_wrapper/hw/design_1_wrapper.xsa
TRACE::2026-05-03.23:30:30::SCWPlatform:: Unique name xilinx:basys3::0.0
TRACE::2026-05-03.23:30:30::SCWPlatform::Trying to set the existing hwdb with name design_1_wrapper_0
TRACE::2026-05-03.23:30:30::SCWPlatform::Opened existing hwdb design_1_wrapper_0
TRACE::2026-05-03.23:30:30::SCWPlatform::Found the Hw Db part of the input DSA
TRACE::2026-05-03.23:30:30::SCWMssOS::Checking the sw design at  D:/vivado_first/2026_Project_AXI_I2C/vitis_workspace/design_1_wrapper/microblaze_0/standalone_microblaze_0/bsp/system.mss
TRACE::2026-05-03.23:30:30::SCWMssOS::DEBUG:  swdes dump  D:/vivado_first/2026_Project_AXI_I2C/vitis_workspace/design_1_wrapper/microblaze_0/standalone_microblaze_0/bsp/system.mss|system||

TRACE::2026-05-03.23:30:30::SCWMssOS::Sw design exists and opened at  D:/vivado_first/2026_Project_AXI_I2C/vitis_workspace/design_1_wrapper/microblaze_0/standalone_microblaze_0/bsp/system.mss
TRACE::2026-05-03.23:30:30::SCWMssOS::Saving the mss changes D:/vivado_first/2026_Project_AXI_I2C/vitis_workspace/design_1_wrapper/microblaze_0/standalone_microblaze_0/bsp/system.mss
TRACE::2026-05-03.23:30:30::SCWMssOS::Found a swdesign opened with the mssfile.
TRACE::2026-05-03.23:30:30::SCWMssOS::Completed writemss as part of save.
TRACE::2026-05-03.23:30:30::SCWMssOS::Commit changes completed.
TRACE::2026-05-03.23:30:30::SCWPlatform::Trying to open the hw design at D:/vivado_first/2026_Project_AXI_I2C/vitis_workspace/design_1_wrapper/hw/design_1_wrapper.xsa
TRACE::2026-05-03.23:30:30::SCWPlatform::DSA given D:/vivado_first/2026_Project_AXI_I2C/vitis_workspace/design_1_wrapper/hw/design_1_wrapper.xsa
TRACE::2026-05-03.23:30:30::SCWPlatform::DSA absoulate path D:/vivado_first/2026_Project_AXI_I2C/vitis_workspace/design_1_wrapper/hw/design_1_wrapper.xsa
TRACE::2026-05-03.23:30:30::SCWPlatform::DSA directory D:/vivado_first/2026_Project_AXI_I2C/vitis_workspace/design_1_wrapper/hw
TRACE::2026-05-03.23:30:30::SCWPlatform:: Platform Path D:/vivado_first/2026_Project_AXI_I2C/vitis_workspace/design_1_wrapper/hw/design_1_wrapper.xsa
TRACE::2026-05-03.23:30:30::SCWPlatform:: Unique name xilinx:basys3::0.0
TRACE::2026-05-03.23:30:30::SCWPlatform::Trying to set the existing hwdb with name design_1_wrapper_0
TRACE::2026-05-03.23:30:30::SCWPlatform::Opened existing hwdb design_1_wrapper_0
TRACE::2026-05-03.23:30:30::SCWPlatform::Found the Hw Db part of the input DSA
TRACE::2026-05-03.23:30:30::SCWMssOS::Checking the sw design at  D:/vivado_first/2026_Project_AXI_I2C/vitis_workspace/design_1_wrapper/microblaze_0/standalone_microblaze_0/bsp/system.mss
TRACE::2026-05-03.23:30:30::SCWMssOS::DEBUG:  swdes dump  D:/vivado_first/2026_Project_AXI_I2C/vitis_workspace/design_1_wrapper/microblaze_0/standalone_microblaze_0/bsp/system.mss|system||

TRACE::2026-05-03.23:30:30::SCWMssOS::Sw design exists and opened at  D:/vivado_first/2026_Project_AXI_I2C/vitis_workspace/design_1_wrapper/microblaze_0/standalone_microblaze_0/bsp/system.mss
TRACE::2026-05-03.23:30:30::SCWPlatform::Trying to open the hw design at D:/vivado_first/2026_Project_AXI_I2C/vitis_workspace/design_1_wrapper/hw/design_1_wrapper.xsa
TRACE::2026-05-03.23:30:30::SCWPlatform::DSA given D:/vivado_first/2026_Project_AXI_I2C/vitis_workspace/design_1_wrapper/hw/design_1_wrapper.xsa
TRACE::2026-05-03.23:30:30::SCWPlatform::DSA absoulate path D:/vivado_first/2026_Project_AXI_I2C/vitis_workspace/design_1_wrapper/hw/design_1_wrapper.xsa
TRACE::2026-05-03.23:30:30::SCWPlatform::DSA directory D:/vivado_first/2026_Project_AXI_I2C/vitis_workspace/design_1_wrapper/hw
TRACE::2026-05-03.23:30:30::SCWPlatform:: Platform Path D:/vivado_first/2026_Project_AXI_I2C/vitis_workspace/design_1_wrapper/hw/design_1_wrapper.xsa
TRACE::2026-05-03.23:30:30::SCWPlatform:: Unique name xilinx:basys3::0.0
TRACE::2026-05-03.23:30:30::SCWPlatform::Trying to set the existing hwdb with name design_1_wrapper_0
TRACE::2026-05-03.23:30:30::SCWPlatform::Opened existing hwdb design_1_wrapper_0
TRACE::2026-05-03.23:30:30::SCWPlatform::Found the Hw Db part of the input DSA
TRACE::2026-05-03.23:30:30::SCWMssOS::Checking the sw design at  D:/vivado_first/2026_Project_AXI_I2C/vitis_workspace/design_1_wrapper/microblaze_0/standalone_microblaze_0/bsp/system.mss
TRACE::2026-05-03.23:30:30::SCWMssOS::DEBUG:  swdes dump  D:/vivado_first/2026_Project_AXI_I2C/vitis_workspace/design_1_wrapper/microblaze_0/standalone_microblaze_0/bsp/system.mss|system||

TRACE::2026-05-03.23:30:30::SCWMssOS::Sw design exists and opened at  D:/vivado_first/2026_Project_AXI_I2C/vitis_workspace/design_1_wrapper/microblaze_0/standalone_microblaze_0/bsp/system.mss
TRACE::2026-05-03.23:30:30::SCWPlatform::Trying to open the hw design at D:/vivado_first/2026_Project_AXI_I2C/vitis_workspace/design_1_wrapper/hw/design_1_wrapper.xsa
TRACE::2026-05-03.23:30:30::SCWPlatform::DSA given D:/vivado_first/2026_Project_AXI_I2C/vitis_workspace/design_1_wrapper/hw/design_1_wrapper.xsa
TRACE::2026-05-03.23:30:30::SCWPlatform::DSA absoulate path D:/vivado_first/2026_Project_AXI_I2C/vitis_workspace/design_1_wrapper/hw/design_1_wrapper.xsa
TRACE::2026-05-03.23:30:30::SCWPlatform::DSA directory D:/vivado_first/2026_Project_AXI_I2C/vitis_workspace/design_1_wrapper/hw
TRACE::2026-05-03.23:30:30::SCWPlatform:: Platform Path D:/vivado_first/2026_Project_AXI_I2C/vitis_workspace/design_1_wrapper/hw/design_1_wrapper.xsa
TRACE::2026-05-03.23:30:30::SCWPlatform:: Unique name xilinx:basys3::0.0
TRACE::2026-05-03.23:30:30::SCWPlatform::Trying to set the existing hwdb with name design_1_wrapper_0
TRACE::2026-05-03.23:30:30::SCWPlatform::Opened existing hwdb design_1_wrapper_0
TRACE::2026-05-03.23:30:30::SCWPlatform::Found the Hw Db part of the input DSA
TRACE::2026-05-03.23:30:30::SCWMssOS::Checking the sw design at  D:/vivado_first/2026_Project_AXI_I2C/vitis_workspace/design_1_wrapper/microblaze_0/standalone_microblaze_0/bsp/system.mss
TRACE::2026-05-03.23:30:30::SCWMssOS::DEBUG:  swdes dump  D:/vivado_first/2026_Project_AXI_I2C/vitis_workspace/design_1_wrapper/microblaze_0/standalone_microblaze_0/bsp/system.mss|system||

TRACE::2026-05-03.23:30:30::SCWMssOS::Sw design exists and opened at  D:/vivado_first/2026_Project_AXI_I2C/vitis_workspace/design_1_wrapper/microblaze_0/standalone_microblaze_0/bsp/system.mss
TRACE::2026-05-03.23:30:30::SCWWriter::formatted JSON is {
	"platformName":	"design_1_wrapper",
	"sprVersion":	"2.0",
	"mode":	"gui",
	"dsaType":	"Fixed",
	"platformDesc":	"design_1_wrapper",
	"platHandOff":	"D:/vivado_first/2026_Project_AXI_I2C/XSA/design_1_wrapper.xsa",
	"platIntHandOff":	"<platformDir>/hw/design_1_wrapper.xsa",
	"deviceType":	"FPGA",
	"platIsPrebuiltAutogen":	"false",
	"platIsNoBootBsp":	"false",
	"hasFsblMakeHasChanges":	"false",
	"hasPmufwMakeHasChanges":	"false",
	"platPreBuiltFlag":	false,
	"platformSamplesDir":	"",
	"platActiveSys":	"design_1_wrapper",
	"systems":	[{
			"systemName":	"design_1_wrapper",
			"systemDesc":	"design_1_wrapper",
			"sysIsBootAutoGen":	"true",
			"systemDispName":	"design_1_wrapper",
			"sysActiveDom":	"standalone_microblaze_0",
			"sysDefaultDom":	"standalone_microblaze_0",
			"domains":	[{
					"domainName":	"standalone_microblaze_0",
					"domainDispName":	"standalone_microblaze_0",
					"domainDesc":	"standalone_microblaze_0",
					"processors":	"microblaze_0",
					"os":	"standalone",
					"sdxOs":	"standalone",
					"debugEnable":	"False",
					"domRuntimes":	["cpp"],
					"swRepo":	"",
					"mssOsVer":	"7.3",
					"mssFile":	"",
					"md5Digest":	"f49bba1eddb8a6d4b2e092485c6b04d3",
					"compatibleApp":	"empty_application",
					"domType":	"mssDomain",
					"arch":	"32-bit",
					"appSettings":	{
						"appCompilerFlags":	"",
						"appLinkerFlags":	""
					},
					"addedLibs":	[],
					"libOptions":	{
						"libsContainingOptions":	[]
					},
					"prebuiltLibs":	{
						"prebuiltIncPath":	[],
						"prebuiltLibPath":	[]
					},
					"isolation":	{
					}
				}]
		}]
}
LOG::2026-05-03.23:30:30::SCWPlatform::Started generating the artifacts platform design_1_wrapper
TRACE::2026-05-03.23:30:30::SCWPlatform::Sanity checking of platform is completed
LOG::2026-05-03.23:30:30::SCWPlatform::Started generating the artifacts for system configuration design_1_wrapper
LOG::2026-05-03.23:30:30::SCWSystem::Started Processing the domain standalone_microblaze_0
TRACE::2026-05-03.23:30:30::SCWDomain::Generating domain artifcats
TRACE::2026-05-03.23:30:30::SCWMssOS::Generating standalone artifcats
TRACE::2026-05-03.23:30:30::SCWMssOS:: Copying the user libraries. 
TRACE::2026-05-03.23:30:30::SCWPlatform::Trying to open the hw design at D:/vivado_first/2026_Project_AXI_I2C/vitis_workspace/design_1_wrapper/hw/design_1_wrapper.xsa
TRACE::2026-05-03.23:30:30::SCWPlatform::DSA given D:/vivado_first/2026_Project_AXI_I2C/vitis_workspace/design_1_wrapper/hw/design_1_wrapper.xsa
TRACE::2026-05-03.23:30:30::SCWPlatform::DSA absoulate path D:/vivado_first/2026_Project_AXI_I2C/vitis_workspace/design_1_wrapper/hw/design_1_wrapper.xsa
TRACE::2026-05-03.23:30:30::SCWPlatform::DSA directory D:/vivado_first/2026_Project_AXI_I2C/vitis_workspace/design_1_wrapper/hw
TRACE::2026-05-03.23:30:30::SCWPlatform:: Platform Path D:/vivado_first/2026_Project_AXI_I2C/vitis_workspace/design_1_wrapper/hw/design_1_wrapper.xsa
TRACE::2026-05-03.23:30:30::SCWPlatform:: Unique name xilinx:basys3::0.0
TRACE::2026-05-03.23:30:30::SCWPlatform::Trying to set the existing hwdb with name design_1_wrapper_0
TRACE::2026-05-03.23:30:30::SCWPlatform::Opened existing hwdb design_1_wrapper_0
TRACE::2026-05-03.23:30:30::SCWPlatform::Found the Hw Db part of the input DSA
TRACE::2026-05-03.23:30:30::SCWMssOS::Checking the sw design at  D:/vivado_first/2026_Project_AXI_I2C/vitis_workspace/design_1_wrapper/microblaze_0/standalone_microblaze_0/bsp/system.mss
TRACE::2026-05-03.23:30:30::SCWMssOS::DEBUG:  swdes dump  D:/vivado_first/2026_Project_AXI_I2C/vitis_workspace/design_1_wrapper/microblaze_0/standalone_microblaze_0/bsp/system.mss|system||

TRACE::2026-05-03.23:30:30::SCWMssOS::Sw design exists and opened at  D:/vivado_first/2026_Project_AXI_I2C/vitis_workspace/design_1_wrapper/microblaze_0/standalone_microblaze_0/bsp/system.mss
TRACE::2026-05-03.23:30:30::SCWMssOS::Completed writing the mss file at D:/vivado_first/2026_Project_AXI_I2C/vitis_workspace/design_1_wrapper/microblaze_0/standalone_microblaze_0/bsp
TRACE::2026-05-03.23:30:30::SCWMssOS::Mss edits present, copying mssfile into export location D:/vivado_first/2026_Project_AXI_I2C/vitis_workspace/design_1_wrapper/microblaze_0/standalone_microblaze_0/bsp/system.mss
TRACE::2026-05-03.23:30:30::SCWMssOS::bsp generated is upto date with the mss file. Skipping bsp generation.
TRACE::2026-05-03.23:30:30::SCWMssOS::BSP is already built. skipping the bsp build ... 
TRACE::2026-05-03.23:30:30::SCWDomain::Building the domain as part of full build :  standalone_microblaze_0
TRACE::2026-05-03.23:30:30::SCWMssOS::skipping the bsp build ... 
TRACE::2026-05-03.23:30:30::SCWMssOS::Copying to export directory.
TRACE::2026-05-03.23:30:30::SCWMssOS:: Checking if to create the Supporting Applications
TRACE::2026-05-03.23:30:30::SCWMssOS:: No Linux domain exists, trying to generate FSBL 
LOG::2026-05-03.23:30:30::SCWSystem::Completed Processing the domain standalone_microblaze_0
LOG::2026-05-03.23:30:30::SCWSystem::Completed Processing the sysconfig design_1_wrapper
LOG::2026-05-03.23:30:30::SCWPlatform::Completed generating the artifacts for system configuration design_1_wrapper
TRACE::2026-05-03.23:30:30::SCWPlatform::Started preparing the platform 
TRACE::2026-05-03.23:30:30::SCWSystem::Writing the bif file for system config design_1_wrapper
TRACE::2026-05-03.23:30:30::SCWSystem::dir created 
TRACE::2026-05-03.23:30:30::SCWSystem::Writing the bif 
TRACE::2026-05-03.23:30:30::SCWPlatform::Started writing the spfm file 
TRACE::2026-05-03.23:30:30::SCWPlatform::Started writing the xpfm file 
TRACE::2026-05-03.23:30:30::SCWPlatform::Completed generating the platform
TRACE::2026-05-03.23:30:30::SCWMssOS::Saving the mss changes D:/vivado_first/2026_Project_AXI_I2C/vitis_workspace/design_1_wrapper/microblaze_0/standalone_microblaze_0/bsp/system.mss
TRACE::2026-05-03.23:30:30::SCWMssOS::Found a swdesign opened with the mssfile.
TRACE::2026-05-03.23:30:30::SCWMssOS::Completed writemss as part of save.
TRACE::2026-05-03.23:30:30::SCWMssOS::Commit changes completed.
TRACE::2026-05-03.23:30:30::SCWPlatform::Trying to open the hw design at D:/vivado_first/2026_Project_AXI_I2C/vitis_workspace/design_1_wrapper/hw/design_1_wrapper.xsa
TRACE::2026-05-03.23:30:30::SCWPlatform::DSA given D:/vivado_first/2026_Project_AXI_I2C/vitis_workspace/design_1_wrapper/hw/design_1_wrapper.xsa
TRACE::2026-05-03.23:30:30::SCWPlatform::DSA absoulate path D:/vivado_first/2026_Project_AXI_I2C/vitis_workspace/design_1_wrapper/hw/design_1_wrapper.xsa
TRACE::2026-05-03.23:30:30::SCWPlatform::DSA directory D:/vivado_first/2026_Project_AXI_I2C/vitis_workspace/design_1_wrapper/hw
TRACE::2026-05-03.23:30:30::SCWPlatform:: Platform Path D:/vivado_first/2026_Project_AXI_I2C/vitis_workspace/design_1_wrapper/hw/design_1_wrapper.xsa
TRACE::2026-05-03.23:30:30::SCWPlatform:: Unique name xilinx:basys3::0.0
TRACE::2026-05-03.23:30:30::SCWPlatform::Trying to set the existing hwdb with name design_1_wrapper_0
TRACE::2026-05-03.23:30:30::SCWPlatform::Opened existing hwdb design_1_wrapper_0
TRACE::2026-05-03.23:30:30::SCWPlatform::Found the Hw Db part of the input DSA
TRACE::2026-05-03.23:30:30::SCWMssOS::Checking the sw design at  D:/vivado_first/2026_Project_AXI_I2C/vitis_workspace/design_1_wrapper/microblaze_0/standalone_microblaze_0/bsp/system.mss
TRACE::2026-05-03.23:30:30::SCWMssOS::DEBUG:  swdes dump  D:/vivado_first/2026_Project_AXI_I2C/vitis_workspace/design_1_wrapper/microblaze_0/standalone_microblaze_0/bsp/system.mss|system||

TRACE::2026-05-03.23:30:30::SCWMssOS::Sw design exists and opened at  D:/vivado_first/2026_Project_AXI_I2C/vitis_workspace/design_1_wrapper/microblaze_0/standalone_microblaze_0/bsp/system.mss
TRACE::2026-05-03.23:30:30::SCWPlatform::Trying to open the hw design at D:/vivado_first/2026_Project_AXI_I2C/vitis_workspace/design_1_wrapper/hw/design_1_wrapper.xsa
TRACE::2026-05-03.23:30:30::SCWPlatform::DSA given D:/vivado_first/2026_Project_AXI_I2C/vitis_workspace/design_1_wrapper/hw/design_1_wrapper.xsa
TRACE::2026-05-03.23:30:30::SCWPlatform::DSA absoulate path D:/vivado_first/2026_Project_AXI_I2C/vitis_workspace/design_1_wrapper/hw/design_1_wrapper.xsa
TRACE::2026-05-03.23:30:30::SCWPlatform::DSA directory D:/vivado_first/2026_Project_AXI_I2C/vitis_workspace/design_1_wrapper/hw
TRACE::2026-05-03.23:30:30::SCWPlatform:: Platform Path D:/vivado_first/2026_Project_AXI_I2C/vitis_workspace/design_1_wrapper/hw/design_1_wrapper.xsa
TRACE::2026-05-03.23:30:30::SCWPlatform:: Unique name xilinx:basys3::0.0
TRACE::2026-05-03.23:30:30::SCWPlatform::Trying to set the existing hwdb with name design_1_wrapper_0
TRACE::2026-05-03.23:30:30::SCWPlatform::Opened existing hwdb design_1_wrapper_0
TRACE::2026-05-03.23:30:30::SCWPlatform::Found the Hw Db part of the input DSA
TRACE::2026-05-03.23:30:30::SCWMssOS::Checking the sw design at  D:/vivado_first/2026_Project_AXI_I2C/vitis_workspace/design_1_wrapper/microblaze_0/standalone_microblaze_0/bsp/system.mss
TRACE::2026-05-03.23:30:30::SCWMssOS::DEBUG:  swdes dump  D:/vivado_first/2026_Project_AXI_I2C/vitis_workspace/design_1_wrapper/microblaze_0/standalone_microblaze_0/bsp/system.mss|system||

TRACE::2026-05-03.23:30:30::SCWMssOS::Sw design exists and opened at  D:/vivado_first/2026_Project_AXI_I2C/vitis_workspace/design_1_wrapper/microblaze_0/standalone_microblaze_0/bsp/system.mss
TRACE::2026-05-03.23:30:30::SCWPlatform::Trying to open the hw design at D:/vivado_first/2026_Project_AXI_I2C/vitis_workspace/design_1_wrapper/hw/design_1_wrapper.xsa
TRACE::2026-05-03.23:30:30::SCWPlatform::DSA given D:/vivado_first/2026_Project_AXI_I2C/vitis_workspace/design_1_wrapper/hw/design_1_wrapper.xsa
TRACE::2026-05-03.23:30:30::SCWPlatform::DSA absoulate path D:/vivado_first/2026_Project_AXI_I2C/vitis_workspace/design_1_wrapper/hw/design_1_wrapper.xsa
TRACE::2026-05-03.23:30:30::SCWPlatform::DSA directory D:/vivado_first/2026_Project_AXI_I2C/vitis_workspace/design_1_wrapper/hw
TRACE::2026-05-03.23:30:30::SCWPlatform:: Platform Path D:/vivado_first/2026_Project_AXI_I2C/vitis_workspace/design_1_wrapper/hw/design_1_wrapper.xsa
TRACE::2026-05-03.23:30:30::SCWPlatform:: Unique name xilinx:basys3::0.0
TRACE::2026-05-03.23:30:30::SCWPlatform::Trying to set the existing hwdb with name design_1_wrapper_0
TRACE::2026-05-03.23:30:30::SCWPlatform::Opened existing hwdb design_1_wrapper_0
TRACE::2026-05-03.23:30:30::SCWPlatform::Found the Hw Db part of the input DSA
TRACE::2026-05-03.23:30:30::SCWMssOS::Checking the sw design at  D:/vivado_first/2026_Project_AXI_I2C/vitis_workspace/design_1_wrapper/microblaze_0/standalone_microblaze_0/bsp/system.mss
TRACE::2026-05-03.23:30:30::SCWMssOS::DEBUG:  swdes dump  D:/vivado_first/2026_Project_AXI_I2C/vitis_workspace/design_1_wrapper/microblaze_0/standalone_microblaze_0/bsp/system.mss|system||

TRACE::2026-05-03.23:30:30::SCWMssOS::Sw design exists and opened at  D:/vivado_first/2026_Project_AXI_I2C/vitis_workspace/design_1_wrapper/microblaze_0/standalone_microblaze_0/bsp/system.mss
TRACE::2026-05-03.23:30:30::SCWWriter::formatted JSON is {
	"platformName":	"design_1_wrapper",
	"sprVersion":	"2.0",
	"mode":	"gui",
	"dsaType":	"Fixed",
	"platformDesc":	"design_1_wrapper",
	"platHandOff":	"D:/vivado_first/2026_Project_AXI_I2C/XSA/design_1_wrapper.xsa",
	"platIntHandOff":	"<platformDir>/hw/design_1_wrapper.xsa",
	"deviceType":	"FPGA",
	"platIsPrebuiltAutogen":	"false",
	"platIsNoBootBsp":	"false",
	"hasFsblMakeHasChanges":	"false",
	"hasPmufwMakeHasChanges":	"false",
	"platPreBuiltFlag":	false,
	"platformSamplesDir":	"",
	"platActiveSys":	"design_1_wrapper",
	"systems":	[{
			"systemName":	"design_1_wrapper",
			"systemDesc":	"design_1_wrapper",
			"sysIsBootAutoGen":	"true",
			"systemDispName":	"design_1_wrapper",
			"sysActiveDom":	"standalone_microblaze_0",
			"sysDefaultDom":	"standalone_microblaze_0",
			"domains":	[{
					"domainName":	"standalone_microblaze_0",
					"domainDispName":	"standalone_microblaze_0",
					"domainDesc":	"standalone_microblaze_0",
					"processors":	"microblaze_0",
					"os":	"standalone",
					"sdxOs":	"standalone",
					"debugEnable":	"False",
					"domRuntimes":	["cpp"],
					"swRepo":	"",
					"mssOsVer":	"7.3",
					"mssFile":	"",
					"md5Digest":	"f49bba1eddb8a6d4b2e092485c6b04d3",
					"compatibleApp":	"empty_application",
					"domType":	"mssDomain",
					"arch":	"32-bit",
					"appSettings":	{
						"appCompilerFlags":	"",
						"appLinkerFlags":	""
					},
					"addedLibs":	[],
					"libOptions":	{
						"libsContainingOptions":	[]
					},
					"prebuiltLibs":	{
						"prebuiltIncPath":	[],
						"prebuiltLibPath":	[]
					},
					"isolation":	{
					}
				}]
		}]
}
KEYINFO::2026-05-03.23:30:30::SCWPlatform::updated the xpfm file.
LOG::2026-05-03.23:32:25::SCWPlatform::Started generating the artifacts platform design_1_wrapper
TRACE::2026-05-03.23:32:25::SCWPlatform::Sanity checking of platform is completed
LOG::2026-05-03.23:32:25::SCWPlatform::Started generating the artifacts for system configuration design_1_wrapper
LOG::2026-05-03.23:32:25::SCWSystem::Checking the domain standalone_microblaze_0
LOG::2026-05-03.23:32:25::SCWSystem::Not a boot domain 
LOG::2026-05-03.23:32:25::SCWSystem::Started Processing the domain standalone_microblaze_0
TRACE::2026-05-03.23:32:25::SCWDomain::Generating domain artifcats
TRACE::2026-05-03.23:32:25::SCWMssOS::Generating standalone artifcats
TRACE::2026-05-03.23:32:25::SCWMssOS:: Copying the user libraries. 
TRACE::2026-05-03.23:32:25::SCWPlatform::Trying to open the hw design at D:/vivado_first/2026_Project_AXI_I2C/vitis_workspace/design_1_wrapper/hw/design_1_wrapper.xsa
TRACE::2026-05-03.23:32:25::SCWPlatform::DSA given D:/vivado_first/2026_Project_AXI_I2C/vitis_workspace/design_1_wrapper/hw/design_1_wrapper.xsa
TRACE::2026-05-03.23:32:25::SCWPlatform::DSA absoulate path D:/vivado_first/2026_Project_AXI_I2C/vitis_workspace/design_1_wrapper/hw/design_1_wrapper.xsa
TRACE::2026-05-03.23:32:25::SCWPlatform::DSA directory D:/vivado_first/2026_Project_AXI_I2C/vitis_workspace/design_1_wrapper/hw
TRACE::2026-05-03.23:32:25::SCWPlatform:: Platform Path D:/vivado_first/2026_Project_AXI_I2C/vitis_workspace/design_1_wrapper/hw/design_1_wrapper.xsa
TRACE::2026-05-03.23:32:25::SCWPlatform:: Unique name xilinx:basys3::0.0
TRACE::2026-05-03.23:32:25::SCWPlatform::Trying to set the existing hwdb with name design_1_wrapper_0
TRACE::2026-05-03.23:32:25::SCWPlatform::Opened existing hwdb design_1_wrapper_0
TRACE::2026-05-03.23:32:25::SCWPlatform::Found the Hw Db part of the input DSA
TRACE::2026-05-03.23:32:25::SCWMssOS::Checking the sw design at  D:/vivado_first/2026_Project_AXI_I2C/vitis_workspace/design_1_wrapper/microblaze_0/standalone_microblaze_0/bsp/system.mss
TRACE::2026-05-03.23:32:25::SCWMssOS::DEBUG:  swdes dump  D:/vivado_first/2026_Project_AXI_I2C/vitis_workspace/design_1_wrapper/microblaze_0/standalone_microblaze_0/bsp/system.mss|system||

TRACE::2026-05-03.23:32:25::SCWMssOS::Sw design exists and opened at  D:/vivado_first/2026_Project_AXI_I2C/vitis_workspace/design_1_wrapper/microblaze_0/standalone_microblaze_0/bsp/system.mss
TRACE::2026-05-03.23:32:25::SCWMssOS::Completed writing the mss file at D:/vivado_first/2026_Project_AXI_I2C/vitis_workspace/design_1_wrapper/microblaze_0/standalone_microblaze_0/bsp
TRACE::2026-05-03.23:32:25::SCWMssOS::Mss edits present, copying mssfile into export location D:/vivado_first/2026_Project_AXI_I2C/vitis_workspace/design_1_wrapper/microblaze_0/standalone_microblaze_0/bsp/system.mss
TRACE::2026-05-03.23:32:25::SCWMssOS::bsp generated is upto date with the mss file. Skipping bsp generation.
TRACE::2026-05-03.23:32:25::SCWMssOS::BSP is already built. skipping the bsp build ... 
TRACE::2026-05-03.23:32:25::SCWDomain::Building the domain as part of full build :  standalone_microblaze_0
TRACE::2026-05-03.23:32:25::SCWMssOS::doing bsp build ... 
TRACE::2026-05-03.23:32:25::SCWMssOS::System Command Ran  D: & cd  D:/vivado_first/2026_Project_AXI_I2C/vitis_workspace/design_1_wrapper/microblaze_0/standalone_microblaze_0/bsp & make 
TRACE::2026-05-03.23:32:25::SCWMssOS::make --no-print-directory seq_libs

TRACE::2026-05-03.23:32:25::SCWMssOS::"Running Make include in microblaze_0/libsrc/AXI_I2C_P_v1_0/src"

TRACE::2026-05-03.23:32:25::SCWMssOS::make -C microblaze_0/libsrc/AXI_I2C_P_v1_0/src -s include  "SHELL=CMD" "COMPILER=mb-gcc" "ASSEMBLER=mb-as" "ARCHIVER=mb-ar" "CO
TRACE::2026-05-03.23:32:25::SCWMssOS::MPILER_FLAGS=  -O2 -c -mcpu=v11.0 -mlittle-endian -mxl-soft-mul" "EXTRA_COMPILER_FLAGS=-g -ffunction-sections -fdata-sections -
TRACE::2026-05-03.23:32:25::SCWMssOS::Wall -Wextra"

TRACE::2026-05-03.23:32:26::SCWMssOS::"Running Make include in microblaze_0/libsrc/bram_v4_5/src"

TRACE::2026-05-03.23:32:26::SCWMssOS::make -C microblaze_0/libsrc/bram_v4_5/src -s include  "SHELL=CMD" "COMPILER=mb-gcc" "ASSEMBLER=mb-as" "ARCHIVER=mb-ar" "COMPILE
TRACE::2026-05-03.23:32:26::SCWMssOS::R_FLAGS=  -O2 -c -mcpu=v11.0 -mlittle-endian -mxl-soft-mul" "EXTRA_COMPILER_FLAGS=-g -ffunction-sections -fdata-sections -Wall 
TRACE::2026-05-03.23:32:26::SCWMssOS::-Wextra"

TRACE::2026-05-03.23:32:26::SCWMssOS::"Running Make include in microblaze_0/libsrc/cpu_v2_12/src"

TRACE::2026-05-03.23:32:26::SCWMssOS::make -C microblaze_0/libsrc/cpu_v2_12/src -s include  "SHELL=CMD" "COMPILER=mb-gcc" "ASSEMBLER=mb-as" "ARCHIVER=mb-ar" "COMPILE
TRACE::2026-05-03.23:32:26::SCWMssOS::R_FLAGS=  -O2 -c -mcpu=v11.0 -mlittle-endian -mxl-soft-mul" "EXTRA_COMPILER_FLAGS=-g -ffunction-sections -fdata-sections -Wall 
TRACE::2026-05-03.23:32:26::SCWMssOS::-Wextra"

TRACE::2026-05-03.23:32:26::SCWMssOS::"Running Make include in microblaze_0/libsrc/Microblaze_GPIO_4_v1_0/src"

TRACE::2026-05-03.23:32:26::SCWMssOS::make -C microblaze_0/libsrc/Microblaze_GPIO_4_v1_0/src -s include  "SHELL=CMD" "COMPILER=mb-gcc" "ASSEMBLER=mb-as" "ARCHIVER=mb
TRACE::2026-05-03.23:32:26::SCWMssOS::-ar" "COMPILER_FLAGS=  -O2 -c -mcpu=v11.0 -mlittle-endian -mxl-soft-mul" "EXTRA_COMPILER_FLAGS=-g -ffunction-sections -fdata-se
TRACE::2026-05-03.23:32:26::SCWMssOS::ctions -Wall -Wextra"

TRACE::2026-05-03.23:32:26::SCWMssOS::"Running Make include in microblaze_0/libsrc/standalone_v7_3/src"

TRACE::2026-05-03.23:32:26::SCWMssOS::make -C microblaze_0/libsrc/standalone_v7_3/src -s include  "SHELL=CMD" "COMPILER=mb-gcc" "ASSEMBLER=mb-as" "ARCHIVER=mb-ar" "C
TRACE::2026-05-03.23:32:26::SCWMssOS::OMPILER_FLAGS=  -O2 -c -mcpu=v11.0 -mlittle-endian -mxl-soft-mul" "EXTRA_COMPILER_FLAGS=-g -ffunction-sections -fdata-sections 
TRACE::2026-05-03.23:32:26::SCWMssOS::-Wall -Wextra"

TRACE::2026-05-03.23:32:26::SCWMssOS::"Running Make include in microblaze_0/libsrc/uartlite_v3_5/src"

TRACE::2026-05-03.23:32:26::SCWMssOS::make -C microblaze_0/libsrc/uartlite_v3_5/src -s include  "SHELL=CMD" "COMPILER=mb-gcc" "ASSEMBLER=mb-as" "ARCHIVER=mb-ar" "COM
TRACE::2026-05-03.23:32:26::SCWMssOS::PILER_FLAGS=  -O2 -c -mcpu=v11.0 -mlittle-endian -mxl-soft-mul" "EXTRA_COMPILER_FLAGS=-g -ffunction-sections -fdata-sections -W
TRACE::2026-05-03.23:32:26::SCWMssOS::all -Wextra"

TRACE::2026-05-03.23:32:27::SCWMssOS::"Running Make libs in microblaze_0/libsrc/AXI_I2C_P_v1_0/src"

TRACE::2026-05-03.23:32:27::SCWMssOS::make -C microblaze_0/libsrc/AXI_I2C_P_v1_0/src -s libs  "SHELL=CMD" "COMPILER=mb-gcc" "ASSEMBLER=mb-as" "ARCHIVER=mb-ar" "COMPI
TRACE::2026-05-03.23:32:27::SCWMssOS::LER_FLAGS=  -O2 -c -mcpu=v11.0 -mlittle-endian -mxl-soft-mul" "EXTRA_COMPILER_FLAGS=-g -ffunction-sections -fdata-sections -Wal
TRACE::2026-05-03.23:32:27::SCWMssOS::l -Wextra"

TRACE::2026-05-03.23:32:27::SCWMssOS::"Compiling AXI_I2C_P..."

TRACE::2026-05-03.23:32:28::SCWMssOS::"Running Make libs in microblaze_0/libsrc/Microblaze_GPIO_4_v1_0/src"

TRACE::2026-05-03.23:32:28::SCWMssOS::make -C microblaze_0/libsrc/Microblaze_GPIO_4_v1_0/src -s libs  "SHELL=CMD" "COMPILER=mb-gcc" "ASSEMBLER=mb-as" "ARCHIVER=mb-ar
TRACE::2026-05-03.23:32:28::SCWMssOS::" "COMPILER_FLAGS=  -O2 -c -mcpu=v11.0 -mlittle-endian -mxl-soft-mul" "EXTRA_COMPILER_FLAGS=-g -ffunction-sections -fdata-secti
TRACE::2026-05-03.23:32:28::SCWMssOS::ons -Wall -Wextra"

TRACE::2026-05-03.23:32:28::SCWMssOS::"Compiling Microblaze_GPIO_4..."

TRACE::2026-05-03.23:32:28::SCWMssOS::'Finished building libraries sequentially.'

TRACE::2026-05-03.23:32:28::SCWMssOS::make -j --no-print-directory par_libs

TRACE::2026-05-03.23:32:28::SCWMssOS::"Running Make include in microblaze_0/libsrc/AXI_I2C_P_v1_0/src"

TRACE::2026-05-03.23:32:28::SCWMssOS::make -C microblaze_0/libsrc/AXI_I2C_P_v1_0/src -s include  "SHELL=CMD" "COMPILER=mb-gcc" "ASSEMBLER=mb-as" "ARCHIVER=mb-ar" "CO
TRACE::2026-05-03.23:32:28::SCWMssOS::MPILER_FLAGS=  -O2 -c -mcpu=v11.0 -mlittle-endian -mxl-soft-mul" "EXTRA_COMPILER_FLAGS=-g -ffunction-sections -fdata-sections -
TRACE::2026-05-03.23:32:28::SCWMssOS::Wall -Wextra"

TRACE::2026-05-03.23:32:28::SCWMssOS::"Running Make include in microblaze_0/libsrc/bram_v4_5/src"

TRACE::2026-05-03.23:32:28::SCWMssOS::make -C microblaze_0/libsrc/bram_v4_5/src -s include  "SHELL=CMD" "COMPILER=mb-gcc" "ASSEMBLER=mb-as" "ARCHIVER=mb-ar" "COMPILE
TRACE::2026-05-03.23:32:28::SCWMssOS::R_FLAGS=  -O2 -c -mcpu=v11.0 -mlittle-endian -mxl-soft-mul" "EXTRA_COMPILER_FLAGS=-g -ffunction-sections -fdata-sections -Wall 
TRACE::2026-05-03.23:32:28::SCWMssOS::-Wextra"

TRACE::2026-05-03.23:32:28::SCWMssOS::"Running Make include in microblaze_0/libsrc/cpu_v2_12/src"

TRACE::2026-05-03.23:32:28::SCWMssOS::make -C microblaze_0/libsrc/cpu_v2_12/src -s include  "SHELL=CMD" "COMPILER=mb-gcc" "ASSEMBLER=mb-as" "ARCHIVER=mb-ar" "COMPILE
TRACE::2026-05-03.23:32:28::SCWMssOS::R_FLAGS=  -O2 -c -mcpu=v11.0 -mlittle-endian -mxl-soft-mul" "EXTRA_COMPILER_FLAGS=-g -ffunction-sections -fdata-sections -Wall 
TRACE::2026-05-03.23:32:28::SCWMssOS::-Wextra"

TRACE::2026-05-03.23:32:28::SCWMssOS::"Running Make include in microblaze_0/libsrc/Microblaze_GPIO_4_v1_0/src"

TRACE::2026-05-03.23:32:28::SCWMssOS::make -C microblaze_0/libsrc/Microblaze_GPIO_4_v1_0/src -s include  "SHELL=CMD" "COMPILER=mb-gcc" "ASSEMBLER=mb-as" "ARCHIVER=mb
TRACE::2026-05-03.23:32:28::SCWMssOS::-ar" "COMPILER_FLAGS=  -O2 -c -mcpu=v11.0 -mlittle-endian -mxl-soft-mul" "EXTRA_COMPILER_FLAGS=-g -ffunction-sections -fdata-se
TRACE::2026-05-03.23:32:28::SCWMssOS::ctions -Wall -Wextra"

TRACE::2026-05-03.23:32:28::SCWMssOS::"Running Make include in microblaze_0/libsrc/standalone_v7_3/src"

TRACE::2026-05-03.23:32:28::SCWMssOS::make -C microblaze_0/libsrc/standalone_v7_3/src -s include  "SHELL=CMD" "COMPILER=mb-gcc" "ASSEMBLER=mb-as" "ARCHIVER=mb-ar" "C
TRACE::2026-05-03.23:32:28::SCWMssOS::OMPILER_FLAGS=  -O2 -c -mcpu=v11.0 -mlittle-endian -mxl-soft-mul" "EXTRA_COMPILER_FLAGS=-g -ffunction-sections -fdata-sections 
TRACE::2026-05-03.23:32:28::SCWMssOS::-Wall -Wextra"

TRACE::2026-05-03.23:32:28::SCWMssOS::"Running Make include in microblaze_0/libsrc/uartlite_v3_5/src"

TRACE::2026-05-03.23:32:28::SCWMssOS::make -C microblaze_0/libsrc/uartlite_v3_5/src -s include  "SHELL=CMD" "COMPILER=mb-gcc" "ASSEMBLER=mb-as" "ARCHIVER=mb-ar" "COM
TRACE::2026-05-03.23:32:28::SCWMssOS::PILER_FLAGS=  -O2 -c -mcpu=v11.0 -mlittle-endian -mxl-soft-mul" "EXTRA_COMPILER_FLAGS=-g -ffunction-sections -fdata-sections -W
TRACE::2026-05-03.23:32:28::SCWMssOS::all -Wextra"

TRACE::2026-05-03.23:32:28::SCWMssOS::"Running Make libs in microblaze_0/libsrc/bram_v4_5/src"

TRACE::2026-05-03.23:32:28::SCWMssOS::make -C microblaze_0/libsrc/bram_v4_5/src -s libs  "SHELL=CMD" "COMPILER=mb-gcc" "ASSEMBLER=mb-as" "ARCHIVER=mb-ar" "COMPILER_F
TRACE::2026-05-03.23:32:28::SCWMssOS::LAGS=  -O2 -c -mcpu=v11.0 -mlittle-endian -mxl-soft-mul" "EXTRA_COMPILER_FLAGS=-g -ffunction-sections -fdata-sections -Wall -We
TRACE::2026-05-03.23:32:28::SCWMssOS::xtra"

TRACE::2026-05-03.23:32:28::SCWMssOS::"Running Make libs in microblaze_0/libsrc/cpu_v2_12/src"

TRACE::2026-05-03.23:32:28::SCWMssOS::make -C microblaze_0/libsrc/cpu_v2_12/src -s libs  "SHELL=CMD" "COMPILER=mb-gcc" "ASSEMBLER=mb-as" "ARCHIVER=mb-ar" "COMPILER_F
TRACE::2026-05-03.23:32:28::SCWMssOS::LAGS=  -O2 -c -mcpu=v11.0 -mlittle-endian -mxl-soft-mul" "EXTRA_COMPILER_FLAGS=-g -ffunction-sections -fdata-sections -Wall -We
TRACE::2026-05-03.23:32:28::SCWMssOS::xtra"

TRACE::2026-05-03.23:32:28::SCWMssOS::"Running Make libs in microblaze_0/libsrc/standalone_v7_3/src"

TRACE::2026-05-03.23:32:28::SCWMssOS::make -C microblaze_0/libsrc/standalone_v7_3/src -s libs  "SHELL=CMD" "COMPILER=mb-gcc" "ASSEMBLER=mb-as" "ARCHIVER=mb-ar" "COMP
TRACE::2026-05-03.23:32:28::SCWMssOS::ILER_FLAGS=  -O2 -c -mcpu=v11.0 -mlittle-endian -mxl-soft-mul" "EXTRA_COMPILER_FLAGS=-g -ffunction-sections -fdata-sections -Wa
TRACE::2026-05-03.23:32:28::SCWMssOS::ll -Wextra"

TRACE::2026-05-03.23:32:28::SCWMssOS::"Running Make libs in microblaze_0/libsrc/uartlite_v3_5/src"

TRACE::2026-05-03.23:32:28::SCWMssOS::make -C microblaze_0/libsrc/uartlite_v3_5/src -s libs  "SHELL=CMD" "COMPILER=mb-gcc" "ASSEMBLER=mb-as" "ARCHIVER=mb-ar" "COMPIL
TRACE::2026-05-03.23:32:28::SCWMssOS::ER_FLAGS=  -O2 -c -mcpu=v11.0 -mlittle-endian -mxl-soft-mul" "EXTRA_COMPILER_FLAGS=-g -ffunction-sections -fdata-sections -Wall
TRACE::2026-05-03.23:32:28::SCWMssOS:: -Wextra"

TRACE::2026-05-03.23:32:29::SCWMssOS::"DEBUG NON_LTO_OBJECTS is ../../../lib/microblaze_interrupt_handler.o"

TRACE::2026-05-03.23:32:29::SCWMssOS::'Finished building libraries parallelly.'

TRACE::2026-05-03.23:32:29::SCWMssOS::make --no-print-directory archive

TRACE::2026-05-03.23:32:29::SCWMssOS::mb-ar -r  microblaze_0/lib/libxil.a microblaze_0/lib/xplatform_info.o microblaze_0/lib/xuartlite.o microblaze_0/lib/microblaze_
TRACE::2026-05-03.23:32:29::SCWMssOS::disable_exceptions.o microblaze_0/lib/print.o microblaze_0/lib/_exit.o microblaze_0/lib/microblaze_disable_dcache.o microblaze_
TRACE::2026-05-03.23:32:29::SCWMssOS::0/lib/microblaze_flush_dcache_range.o microblaze_0/lib/microblaze_flush_cache_ext.o microblaze_0/lib/xbram_sinit.o microblaze_0
TRACE::2026-05-03.23:32:29::SCWMssOS::/lib/xil_misc_psreset_api.o microblaze_0/lib/xil_cache.o microblaze_0/lib/inbyte.o microblaze_0/lib/xbram_g.o microblaze_0/lib/
TRACE::2026-05-03.23:32:29::SCWMssOS::microblaze_exception_handler.o microblaze_0/lib/microblaze_scrub.o microblaze_0/lib/microblaze_invalidate_dcache.o microblaze_0
TRACE::2026-05-03.23:32:29::SCWMssOS::/lib/microblaze_disable_interrupts.o microblaze_0/lib/xbram_selftest.o microblaze_0/lib/microblaze_interrupt_handler.o microbla
TRACE::2026-05-03.23:32:29::SCWMssOS::ze_0/lib/microblaze_disable_icache.o microblaze_0/lib/xil_mem.o microblaze_0/lib/microblaze_flush_cache_ext_range.o microblaze_
TRACE::2026-05-03.23:32:29::SCWMssOS::0/lib/xbram_intr.o microblaze_0/lib/xil_sleepcommon.o microblaze_0/lib/xil_printf.o microblaze_0/lib/xio.o microblaze_0/lib/out
TRACE::2026-05-03.23:32:29::SCWMssOS::byte.o microblaze_0/lib/microblaze_invalidate_dcache_range.o microblaze_0/lib/xuartlite_g.o microblaze_0/lib/microblaze_invalid
TRACE::2026-05-03.23:32:29::SCWMssOS::ate_cache_ext.o microblaze_0/lib/microblaze_sleep.o microblaze_0/lib/hw_exception_handler.o microblaze_0/lib/xuartlite_selftest
TRACE::2026-05-03.23:32:29::SCWMssOS::.o microblaze_0/lib/xil_util.o microblaze_0/lib/microblaze_update_dcache.o microblaze_0/lib/xil_testcache.o microblaze_0/lib/mi
TRACE::2026-05-03.23:32:29::SCWMssOS::croblaze_selftest.o microblaze_0/lib/microblaze_interrupts_g.o microblaze_0/lib/microblaze_enable_exceptions.o microblaze_0/lib
TRACE::2026-05-03.23:32:29::SCWMssOS::/microblaze_enable_dcache.o microblaze_0/lib/xbram.o microblaze_0/lib/xuartlite_intr.o microblaze_0/lib/microblaze_invalidate_i
TRACE::2026-05-03.23:32:29::SCWMssOS::cache_range.o microblaze_0/lib/xuartlite_sinit.o microblaze_0/lib/microblaze_init_dcache_range.o microblaze_0/lib/microblaze_in
TRACE::2026-05-03.23:32:29::SCWMssOS::validate_icache.o microblaze_0/lib/errno.o microblaze_0/lib/xuartlite_l.o microblaze_0/lib/xuartlite_stats.o microblaze_0/lib/m
TRACE::2026-05-03.23:32:29::SCWMssOS::icroblaze_invalidate_cache_ext_range.o microblaze_0/lib/xil_exception.o microblaze_0/lib/pvr.o microblaze_0/lib/xil_testmem.o m
TRACE::2026-05-03.23:32:29::SCWMssOS::icroblaze_0/lib/microblaze_update_icache.o microblaze_0/lib/microblaze_flush_dcache.o microblaze_0/lib/xil_clocking.o microblaz
TRACE::2026-05-03.23:32:29::SCWMssOS::e_0/lib/xil_assert.o microblaze_0/lib/microblaze_enable_interrupts.o microblaze_0/lib/microblaze_enable_icache.o microblaze_0/l
TRACE::2026-05-03.23:32:29::SCWMssOS::ib/xil_testio.o microblaze_0/lib/fcntl.o microblaze_0/lib/microblaze_init_icache_range.o

TRACE::2026-05-03.23:32:29::SCWMssOS::'Finished building libraries'

TRACE::2026-05-03.23:32:29::SCWMssOS::Copying to export directory.
TRACE::2026-05-03.23:32:29::SCWMssOS:: Checking if to create the Supporting Applications
TRACE::2026-05-03.23:32:29::SCWMssOS:: No Linux domain exists, trying to generate FSBL 
LOG::2026-05-03.23:32:29::SCWSystem::Completed Processing the domain standalone_microblaze_0
LOG::2026-05-03.23:32:29::SCWSystem::Completed Processing the sysconfig design_1_wrapper
LOG::2026-05-03.23:32:29::SCWPlatform::Completed generating the artifacts for system configuration design_1_wrapper
TRACE::2026-05-03.23:32:29::SCWPlatform::Started preparing the platform 
TRACE::2026-05-03.23:32:29::SCWSystem::Writing the bif file for system config design_1_wrapper
TRACE::2026-05-03.23:32:29::SCWSystem::dir created 
TRACE::2026-05-03.23:32:29::SCWSystem::Writing the bif 
TRACE::2026-05-03.23:32:29::SCWPlatform::Started writing the spfm file 
TRACE::2026-05-03.23:32:29::SCWPlatform::Started writing the xpfm file 
TRACE::2026-05-03.23:32:29::SCWPlatform::Completed generating the platform
TRACE::2026-05-03.23:32:29::SCWMssOS::Saving the mss changes D:/vivado_first/2026_Project_AXI_I2C/vitis_workspace/design_1_wrapper/microblaze_0/standalone_microblaze_0/bsp/system.mss
TRACE::2026-05-03.23:32:29::SCWMssOS::Found a swdesign opened with the mssfile.
TRACE::2026-05-03.23:32:29::SCWMssOS::Completed writemss as part of save.
TRACE::2026-05-03.23:32:29::SCWMssOS::Commit changes completed.
TRACE::2026-05-03.23:32:29::SCWPlatform::Trying to open the hw design at D:/vivado_first/2026_Project_AXI_I2C/vitis_workspace/design_1_wrapper/hw/design_1_wrapper.xsa
TRACE::2026-05-03.23:32:29::SCWPlatform::DSA given D:/vivado_first/2026_Project_AXI_I2C/vitis_workspace/design_1_wrapper/hw/design_1_wrapper.xsa
TRACE::2026-05-03.23:32:29::SCWPlatform::DSA absoulate path D:/vivado_first/2026_Project_AXI_I2C/vitis_workspace/design_1_wrapper/hw/design_1_wrapper.xsa
TRACE::2026-05-03.23:32:29::SCWPlatform::DSA directory D:/vivado_first/2026_Project_AXI_I2C/vitis_workspace/design_1_wrapper/hw
TRACE::2026-05-03.23:32:29::SCWPlatform:: Platform Path D:/vivado_first/2026_Project_AXI_I2C/vitis_workspace/design_1_wrapper/hw/design_1_wrapper.xsa
TRACE::2026-05-03.23:32:29::SCWPlatform:: Unique name xilinx:basys3::0.0
TRACE::2026-05-03.23:32:29::SCWPlatform::Trying to set the existing hwdb with name design_1_wrapper_0
TRACE::2026-05-03.23:32:29::SCWPlatform::Opened existing hwdb design_1_wrapper_0
TRACE::2026-05-03.23:32:29::SCWPlatform::Found the Hw Db part of the input DSA
TRACE::2026-05-03.23:32:29::SCWMssOS::Checking the sw design at  D:/vivado_first/2026_Project_AXI_I2C/vitis_workspace/design_1_wrapper/microblaze_0/standalone_microblaze_0/bsp/system.mss
TRACE::2026-05-03.23:32:29::SCWMssOS::DEBUG:  swdes dump  D:/vivado_first/2026_Project_AXI_I2C/vitis_workspace/design_1_wrapper/microblaze_0/standalone_microblaze_0/bsp/system.mss|system||

TRACE::2026-05-03.23:32:29::SCWMssOS::Sw design exists and opened at  D:/vivado_first/2026_Project_AXI_I2C/vitis_workspace/design_1_wrapper/microblaze_0/standalone_microblaze_0/bsp/system.mss
TRACE::2026-05-03.23:32:29::SCWPlatform::Trying to open the hw design at D:/vivado_first/2026_Project_AXI_I2C/vitis_workspace/design_1_wrapper/hw/design_1_wrapper.xsa
TRACE::2026-05-03.23:32:29::SCWPlatform::DSA given D:/vivado_first/2026_Project_AXI_I2C/vitis_workspace/design_1_wrapper/hw/design_1_wrapper.xsa
TRACE::2026-05-03.23:32:29::SCWPlatform::DSA absoulate path D:/vivado_first/2026_Project_AXI_I2C/vitis_workspace/design_1_wrapper/hw/design_1_wrapper.xsa
TRACE::2026-05-03.23:32:29::SCWPlatform::DSA directory D:/vivado_first/2026_Project_AXI_I2C/vitis_workspace/design_1_wrapper/hw
TRACE::2026-05-03.23:32:29::SCWPlatform:: Platform Path D:/vivado_first/2026_Project_AXI_I2C/vitis_workspace/design_1_wrapper/hw/design_1_wrapper.xsa
TRACE::2026-05-03.23:32:29::SCWPlatform:: Unique name xilinx:basys3::0.0
TRACE::2026-05-03.23:32:29::SCWPlatform::Trying to set the existing hwdb with name design_1_wrapper_0
TRACE::2026-05-03.23:32:29::SCWPlatform::Opened existing hwdb design_1_wrapper_0
TRACE::2026-05-03.23:32:29::SCWPlatform::Found the Hw Db part of the input DSA
TRACE::2026-05-03.23:32:29::SCWMssOS::Checking the sw design at  D:/vivado_first/2026_Project_AXI_I2C/vitis_workspace/design_1_wrapper/microblaze_0/standalone_microblaze_0/bsp/system.mss
TRACE::2026-05-03.23:32:29::SCWMssOS::DEBUG:  swdes dump  D:/vivado_first/2026_Project_AXI_I2C/vitis_workspace/design_1_wrapper/microblaze_0/standalone_microblaze_0/bsp/system.mss|system||

TRACE::2026-05-03.23:32:29::SCWMssOS::Sw design exists and opened at  D:/vivado_first/2026_Project_AXI_I2C/vitis_workspace/design_1_wrapper/microblaze_0/standalone_microblaze_0/bsp/system.mss
TRACE::2026-05-03.23:32:29::SCWPlatform::Trying to open the hw design at D:/vivado_first/2026_Project_AXI_I2C/vitis_workspace/design_1_wrapper/hw/design_1_wrapper.xsa
TRACE::2026-05-03.23:32:29::SCWPlatform::DSA given D:/vivado_first/2026_Project_AXI_I2C/vitis_workspace/design_1_wrapper/hw/design_1_wrapper.xsa
TRACE::2026-05-03.23:32:29::SCWPlatform::DSA absoulate path D:/vivado_first/2026_Project_AXI_I2C/vitis_workspace/design_1_wrapper/hw/design_1_wrapper.xsa
TRACE::2026-05-03.23:32:29::SCWPlatform::DSA directory D:/vivado_first/2026_Project_AXI_I2C/vitis_workspace/design_1_wrapper/hw
TRACE::2026-05-03.23:32:29::SCWPlatform:: Platform Path D:/vivado_first/2026_Project_AXI_I2C/vitis_workspace/design_1_wrapper/hw/design_1_wrapper.xsa
TRACE::2026-05-03.23:32:29::SCWPlatform:: Unique name xilinx:basys3::0.0
TRACE::2026-05-03.23:32:29::SCWPlatform::Trying to set the existing hwdb with name design_1_wrapper_0
TRACE::2026-05-03.23:32:29::SCWPlatform::Opened existing hwdb design_1_wrapper_0
TRACE::2026-05-03.23:32:29::SCWPlatform::Found the Hw Db part of the input DSA
TRACE::2026-05-03.23:32:29::SCWMssOS::Checking the sw design at  D:/vivado_first/2026_Project_AXI_I2C/vitis_workspace/design_1_wrapper/microblaze_0/standalone_microblaze_0/bsp/system.mss
TRACE::2026-05-03.23:32:29::SCWMssOS::DEBUG:  swdes dump  D:/vivado_first/2026_Project_AXI_I2C/vitis_workspace/design_1_wrapper/microblaze_0/standalone_microblaze_0/bsp/system.mss|system||

TRACE::2026-05-03.23:32:29::SCWMssOS::Sw design exists and opened at  D:/vivado_first/2026_Project_AXI_I2C/vitis_workspace/design_1_wrapper/microblaze_0/standalone_microblaze_0/bsp/system.mss
TRACE::2026-05-03.23:32:29::SCWWriter::formatted JSON is {
	"platformName":	"design_1_wrapper",
	"sprVersion":	"2.0",
	"mode":	"gui",
	"dsaType":	"Fixed",
	"platformDesc":	"design_1_wrapper",
	"platHandOff":	"D:/vivado_first/2026_Project_AXI_I2C/XSA/design_1_wrapper.xsa",
	"platIntHandOff":	"<platformDir>/hw/design_1_wrapper.xsa",
	"deviceType":	"FPGA",
	"platIsPrebuiltAutogen":	"false",
	"platIsNoBootBsp":	"false",
	"hasFsblMakeHasChanges":	"false",
	"hasPmufwMakeHasChanges":	"false",
	"platPreBuiltFlag":	false,
	"platformSamplesDir":	"",
	"platActiveSys":	"design_1_wrapper",
	"systems":	[{
			"systemName":	"design_1_wrapper",
			"systemDesc":	"design_1_wrapper",
			"sysIsBootAutoGen":	"true",
			"systemDispName":	"design_1_wrapper",
			"sysActiveDom":	"standalone_microblaze_0",
			"sysDefaultDom":	"standalone_microblaze_0",
			"domains":	[{
					"domainName":	"standalone_microblaze_0",
					"domainDispName":	"standalone_microblaze_0",
					"domainDesc":	"standalone_microblaze_0",
					"processors":	"microblaze_0",
					"os":	"standalone",
					"sdxOs":	"standalone",
					"debugEnable":	"False",
					"domRuntimes":	["cpp"],
					"swRepo":	"",
					"mssOsVer":	"7.3",
					"mssFile":	"",
					"md5Digest":	"f49bba1eddb8a6d4b2e092485c6b04d3",
					"compatibleApp":	"empty_application",
					"domType":	"mssDomain",
					"arch":	"32-bit",
					"appSettings":	{
						"appCompilerFlags":	"",
						"appLinkerFlags":	""
					},
					"addedLibs":	[],
					"libOptions":	{
						"libsContainingOptions":	[]
					},
					"prebuiltLibs":	{
						"prebuiltIncPath":	[],
						"prebuiltLibPath":	[]
					},
					"isolation":	{
					}
				}]
		}]
}
KEYINFO::2026-05-03.23:32:29::SCWPlatform::updated the xpfm file.
TRACE::2026-05-03.23:32:29::SCWPlatform::Trying to open the hw design at D:/vivado_first/2026_Project_AXI_I2C/vitis_workspace/design_1_wrapper/hw/design_1_wrapper.xsa
TRACE::2026-05-03.23:32:29::SCWPlatform::DSA given D:/vivado_first/2026_Project_AXI_I2C/vitis_workspace/design_1_wrapper/hw/design_1_wrapper.xsa
TRACE::2026-05-03.23:32:29::SCWPlatform::DSA absoulate path D:/vivado_first/2026_Project_AXI_I2C/vitis_workspace/design_1_wrapper/hw/design_1_wrapper.xsa
TRACE::2026-05-03.23:32:29::SCWPlatform::DSA directory D:/vivado_first/2026_Project_AXI_I2C/vitis_workspace/design_1_wrapper/hw
TRACE::2026-05-03.23:32:29::SCWPlatform:: Platform Path D:/vivado_first/2026_Project_AXI_I2C/vitis_workspace/design_1_wrapper/hw/design_1_wrapper.xsa
TRACE::2026-05-03.23:32:29::SCWPlatform:: Unique name xilinx:basys3::0.0
TRACE::2026-05-03.23:32:29::SCWPlatform::Trying to set the existing hwdb with name design_1_wrapper_0
TRACE::2026-05-03.23:32:29::SCWPlatform::Opened existing hwdb design_1_wrapper_0
TRACE::2026-05-03.23:32:29::SCWPlatform::Found the Hw Db part of the input DSA
TRACE::2026-05-03.23:32:29::SCWMssOS::Checking the sw design at  D:/vivado_first/2026_Project_AXI_I2C/vitis_workspace/design_1_wrapper/microblaze_0/standalone_microblaze_0/bsp/system.mss
TRACE::2026-05-03.23:32:29::SCWMssOS::DEBUG:  swdes dump  D:/vivado_first/2026_Project_AXI_I2C/vitis_workspace/design_1_wrapper/microblaze_0/standalone_microblaze_0/bsp/system.mss|system||

TRACE::2026-05-03.23:32:29::SCWMssOS::Sw design exists and opened at  D:/vivado_first/2026_Project_AXI_I2C/vitis_workspace/design_1_wrapper/microblaze_0/standalone_microblaze_0/bsp/system.mss
