Nothing to build in platform 'design_1_wrapper'

17:59:13 **** Incremental Build of configuration Debug for project AXI_I2C_p ****
make all 
'Building file: ../src/driver/Button/Button.c'
'Invoking: MicroBlaze gcc compiler'
mb-gcc -Wall -O0 -g3 -c -fmessage-length=0 -MT"src/driver/Button/Button.o" -ID:/vivado_first/2026_Project_AXI_I2C/vitis_workspace/design_1_wrapper/export/design_1_wrapper/sw/design_1_wrapper/standalone_microblaze_0/bspinclude/include -mlittle-endian -mcpu=v11.0 -mxl-soft-mul -Wl,--no-relax -ffunction-sections -fdata-sections -MMD -MP -MF"src/driver/Button/Button.d" -MT"src/driver/Button/Button.o" -o "src/driver/Button/Button.o" "../src/driver/Button/Button.c"
'Finished building: ../src/driver/Button/Button.c'
' '
'Building file: ../src/ap_main/ap_main.c'
'Invoking: MicroBlaze gcc compiler'
mb-gcc -Wall -O0 -g3 -c -fmessage-length=0 -MT"src/ap_main/ap_main.o" -ID:/vivado_first/2026_Project_AXI_I2C/vitis_workspace/design_1_wrapper/export/design_1_wrapper/sw/design_1_wrapper/standalone_microblaze_0/bspinclude/include -mlittle-endian -mcpu=v11.0 -mxl-soft-mul -Wl,--no-relax -ffunction-sections -fdata-sections -MMD -MP -MF"src/ap_main/ap_main.d" -MT"src/ap_main/ap_main.o" -o "src/ap_main/ap_main.o" "../src/ap_main/ap_main.c"
'Finished building: ../src/ap_main/ap_main.c'
' '
'Building target: AXI_I2C_p.elf'
'Invoking: MicroBlaze gcc linker'
mb-gcc -Wl,-T -Wl,../src/lscript.ld -LD:/vivado_first/2026_Project_AXI_I2C/vitis_workspace/design_1_wrapper/export/design_1_wrapper/sw/design_1_wrapper/standalone_microblaze_0/bsplib/lib -mlittle-endian -mcpu=v11.0 -mxl-soft-mul -Wl,--no-relax -Wl,--gc-sections -o "AXI_I2C_p.elf"  ./src/driver/Switch/Switch.o  ./src/driver/LED/LED.o  ./src/driver/FND/FND.o  ./src/driver/Button/Button.o  ./src/common/common.o  ./src/ap_main/ap_main.o  ./src/HAL/TMR/TMR.o  ./src/HAL/I2C/I2C.o  ./src/HAL/GPIO/GPIO.o  ./src/main.o   -Wl,--start-group,-lxil,-lgcc,-lc,--end-group
'Finished building target: AXI_I2C_p.elf'
' '
'Invoking: MicroBlaze Print Size'
mb-size AXI_I2C_p.elf  |tee "AXI_I2C_p.elf.size"
   text	   data	    bss	    dec	    hex	filename
   7536	    268	   3172	  10976	   2ae0	AXI_I2C_p.elf
'Finished building: AXI_I2C_p.elf.size'
' '
